// Jest Snapshot v1, https://goo.gl/fbAQLP

exports[`<ProcessListContainer /> renders snapshot correctly 1`] = `
<div>
  <div
    class="MuiPaper-root MuiPaper-elevation1 MuiPaper-rounded"
  >
    
    <div
      class="Table-tableWrapper-30"
    >
      <table
        class="MuiTable-root Table-hideShadows-29"
      >
        <thead
          class="MuiTableHead-root"
        >
          <tr
            class="MuiTableRow-root MuiTableRow-head"
          >
            <th
              class="MuiTableCell-root MuiTableCell-head StyledHeaderCell-head-39"
              scope="col"
              style="white-space: nowrap;"
            >
              Process Name
            </th>
            <th
              class="MuiTableCell-root MuiTableCell-head StyledHeaderCell-head-39"
              scope="col"
              style="white-space: nowrap;"
            >
              Created by
            </th>
            <th
              class="MuiTableCell-root MuiTableCell-head StyledHeaderCell-head-39"
              scope="col"
              style="white-space: nowrap;"
            >
              Created At
            </th>
            <th
              class="MuiTableCell-root MuiTableCell-head StyledHeaderCell-head-39"
              scope="col"
              style="white-space: nowrap;"
            >
              Status
            </th>
          </tr>
        </thead>
        <tbody
          class="MuiTableBody-root"
        >
          <tr
            class="MuiTableRow-root StyledTableRowHover-root-91 MuiTableRow-hover"
            style="height: 55px; cursor: initial;"
          >
            <td
              class="MuiTableCell-root StyledTableCell-root-93 MuiTableCell-body MuiTableCell-sizeSmall"
            >
              MortgageApprovalProcess
            </td>
            <td
              class="MuiTableCell-root StyledTableCell-root-93 MuiTableCell-body MuiTableCell-sizeSmall"
            >
              pamAdmin
            </td>
            <td
              class="MuiTableCell-root StyledTableCell-root-93 MuiTableCell-body MuiTableCell-sizeSmall"
            >
              2020-04-09T11:53:52.999
            </td>
            <td
              class="MuiTableCell-root StyledTableCell-root-93 MuiTableCell-body MuiTableCell-sizeSmall"
            >
              <span>
                Qualify, test
              </span>
            </td>
          </tr>
          <tr
            class="MuiTableRow-root StyledTableRowHover-root-91 MuiTableRow-hover"
            style="height: 55px; cursor: initial;"
          >
            <td
              class="MuiTableCell-root StyledTableCell-root-93 MuiTableCell-body MuiTableCell-sizeSmall"
            >
              MortgageApprovalProcess
            </td>
            <td
              class="MuiTableCell-root StyledTableCell-root-93 MuiTableCell-body MuiTableCell-sizeSmall"
            >
              pamAdmin
            </td>
            <td
              class="MuiTableCell-root StyledTableCell-root-93 MuiTableCell-body MuiTableCell-sizeSmall"
            >
              2020-04-09T11:53:55.557
            </td>
            <td
              class="MuiTableCell-root StyledTableCell-root-93 MuiTableCell-body MuiTableCell-sizeSmall"
            >
              <span>
                Qualify
              </span>
            </td>
          </tr>
          <tr
            class="MuiTableRow-root StyledTableRowHover-root-91 MuiTableRow-hover"
            style="height: 55px; cursor: initial;"
          >
            <td
              class="MuiTableCell-root StyledTableCell-root-93 MuiTableCell-body MuiTableCell-sizeSmall"
            >
              MortgageApprovalProcess
            </td>
            <td
              class="MuiTableCell-root StyledTableCell-root-93 MuiTableCell-body MuiTableCell-sizeSmall"
            >
              pamAdmin
            </td>
            <td
              class="MuiTableCell-root StyledTableCell-root-93 MuiTableCell-body MuiTableCell-sizeSmall"
            >
              2020-05-07T09:38:13.505
            </td>
            <td
              class="MuiTableCell-root StyledTableCell-root-93 MuiTableCell-body MuiTableCell-sizeSmall"
            >
              <span>
                Qualify
              </span>
            </td>
          </tr>
          <tr
            class="MuiTableRow-root StyledTableRowHover-root-91 MuiTableRow-hover"
            style="height: 55px; cursor: initial;"
          >
            <td
              class="MuiTableCell-root StyledTableCell-root-93 MuiTableCell-body MuiTableCell-sizeSmall"
            >
              MortgageApprovalProcess
            </td>
            <td
              class="MuiTableCell-root StyledTableCell-root-93 MuiTableCell-body MuiTableCell-sizeSmall"
            >
              pamAdmin
            </td>
            <td
              class="MuiTableCell-root StyledTableCell-root-93 MuiTableCell-body MuiTableCell-sizeSmall"
            >
              2020-05-12T08:46:15.116
            </td>
            <td
              class="MuiTableCell-root StyledTableCell-root-93 MuiTableCell-body MuiTableCell-sizeSmall"
            >
              <span>
                Qualify
              </span>
            </td>
          </tr>
          <tr
            class="MuiTableRow-root StyledTableRowHover-root-91 MuiTableRow-hover"
            style="height: 55px; cursor: initial;"
          >
            <td
              class="MuiTableCell-root StyledTableCell-root-93 MuiTableCell-body MuiTableCell-sizeSmall"
            >
              MortgageApprovalProcess
            </td>
            <td
              class="MuiTableCell-root StyledTableCell-root-93 MuiTableCell-body MuiTableCell-sizeSmall"
            >
              pamAdmin
            </td>
            <td
              class="MuiTableCell-root StyledTableCell-root-93 MuiTableCell-body MuiTableCell-sizeSmall"
            >
              2020-05-12T10:41:54.418
            </td>
            <td
              class="MuiTableCell-root StyledTableCell-root-93 MuiTableCell-body MuiTableCell-sizeSmall"
            >
              <span>
                Qualify
              </span>
            </td>
          </tr>
        </tbody>
      </table>
    </div>
    <table
      class="MuiTable-root"
    />
    
  </div>
</div>
`;
