// Jest Snapshot v1, https://goo.gl/fbAQLP

exports[`<InternalTablePaginationActions /> renders snapshot correctly 1`] = `
<div>
  <div
    class="InternalTablePaginationActions-root-1"
  >
    <button
      class="MuiButtonBase-root MuiIconButton-root Mui-disabled MuiIconButton-sizeSmall Mui-disabled"
      disabled=""
      tabindex="-1"
      type="button"
    >
      <span
        class="MuiIconButton-label"
      >
        <svg
          aria-hidden="true"
          class="MuiSvgIcon-root"
          focusable="false"
          role="presentation"
          viewBox="0 0 24 24"
        >
          <path
            d="M6 6h2v12H6zm3.5 6l8.5 6V6z"
          />
        </svg>
      </span>
    </button>
    <button
      class="MuiButtonBase-root MuiIconButton-root Mui-disabled MuiIconButton-sizeSmall Mui-disabled"
      disabled=""
      tabindex="-1"
      type="button"
    >
      <span
        class="MuiIconButton-label"
      >
        <svg
          aria-hidden="true"
          class="MuiSvgIcon-root InternalTablePaginationActions-previousIcon-2"
          focusable="false"
          role="presentation"
          viewBox="0 0 24 24"
        >
          <path
            d="M8 5v14l11-7z"
          />
        </svg>
      </span>
    </button>
    <div
      class="MuiFormControl-root MuiTextField-root InternalTablePaginationActions-pageNumberInput-3"
      style="width: 35px;"
    >
      <div
        class="MuiInputBase-root MuiInput-root MuiInput-underline MuiInputBase-formControl MuiInput-formControl"
      >
        <input
          aria-invalid="false"
          class="MuiInputBase-input MuiInput-input"
          type="text"
          value="1"
        />
      </div>
    </div>
    <p
      class="MuiTypography-root MuiTypography-body1"
    >
      undefined 9
    </p>
    <button
      class="MuiButtonBase-root MuiIconButton-root MuiIconButton-sizeSmall"
      tabindex="0"
      type="button"
    >
      <span
        class="MuiIconButton-label"
      >
        <svg
          aria-hidden="true"
          class="MuiSvgIcon-root"
          focusable="false"
          role="presentation"
          viewBox="0 0 24 24"
        >
          <path
            d="M8 5v14l11-7z"
          />
        </svg>
      </span>
      <span
        class="MuiTouchRipple-root"
      />
    </button>
    <button
      class="MuiButtonBase-root MuiIconButton-root MuiIconButton-sizeSmall"
      tabindex="0"
      type="button"
    >
      <span
        class="MuiIconButton-label"
      >
        <svg
          aria-hidden="true"
          class="MuiSvgIcon-root"
          focusable="false"
          role="presentation"
          viewBox="0 0 24 24"
        >
          <path
            d="M6 18l8.5-6L6 6v12zM16 6v12h2V6h-2z"
          />
        </svg>
      </span>
      <span
        class="MuiTouchRipple-root"
      />
    </button>
  </div>
</div>
`;
