// Jest Snapshot v1, https://goo.gl/fbAQLP

exports[`<ProcessDefinitionContainer /> renders snapshot correctly 1`] = `
<div>
  <div
    class="MuiContainer-root MuiContainer-disableGutters MuiContainer-maxWidthLg"
  >
    <div
      class="MuiPaper-root WidgetBox-widgetBox-31 MuiPaper-outlined"
    >
      <div
        class="MuiBox-root MuiBox-root-61"
      >
        <div>
          <form
            class="JSONForm-themedForm-64"
          >
            <div
              class=""
            >
              <label
                class="makeStyles-label-91"
                for="root"
              >
                
              </label>
              <div>
                <div
                  class="unsupported-field"
                >
                  <p>
                    Unsupported field schema
                    <span>
                       for
                       field 
                      <code>
                        root
                      </code>
                    </span>
                    <em>
                      : 
                      Unknown field type undefined
                    </em>
                    .
                  </p>
                  <pre>
                    {
  "payload": [
    {
      "reusableSubProcesses": null,
      "process-id": "Mortgage_Process.MortgageApprovalProcess",
      "associatedEntities": null,
      "container-id": "mortgage-process_1.0.0-SNAPSHOT",
      "package": "com.myspace.mortgage_app",
      "process-name": "MortgageApprovalProcess",
      "dynamic": false,
      "serviceTasks": null,
      "processVariables": null,
      "process-version": "1.0"
    },
    {
      "reusableSubProcesses": null,
      "process-id": "evaluation",
      "associatedEntities": null,
      "container-id": "evaluation_1.0.0-SNAPSHOT",
      "package": "Evaluation.src.main.resources",
      "process-name": "Evaluation",
      "dynamic": false,
      "serviceTasks": null,
      "processVariables": null,
      "process-version": "1"
    },
    {
      "reusableSubProcesses": null,
      "process-id": "itorders.orderhardware",
      "associatedEntities": null,
      "container-id": "itorders_1.0.0-SNAPSHOT",
      "package": "org.jbpm.demo.itorders",
      "process-name": "Order for IT hardware",
      "dynamic": true,
      "serviceTasks": null,
      "processVariables": null,
      "process-version": "1.0"
    },
    {
      "reusableSubProcesses": null,
      "process-id": "Mortgage_Process.MortgageApprovalProcess",
      "associatedEntities": null,
      "container-id": "mortgage-process_1.0.1-SNAPSHOT",
      "package": "com.myspace.mortgage_app",
      "process-name": "MortgageApprovalProcess",
      "dynamic": false,
      "serviceTasks": null,
      "processVariables": null,
      "process-version": "1.0"
    },
    {
      "reusableSubProcesses": null,
      "process-id": "com.redhat.bpms.examples.mortgage.MortgageApplication",
      "associatedEntities": null,
      "container-id": "mortgage_1.0",
      "package": "com.redhat.bpms.examples.mortgage",
      "process-name": "MortgageApplication",
      "dynamic": false,
      "serviceTasks": null,
      "processVariables": null,
      "process-version": "1.0"
    },
    {
      "reusableSubProcesses": null,
      "process-id": "itorders-data.place-order",
      "associatedEntities": null,
      "container-id": "itorders_1.0.0-SNAPSHOT",
      "package": "org.jbpm.demo.itorders",
      "process-name": "place-order",
      "dynamic": false,
      "serviceTasks": null,
      "processVariables": null,
      "process-version": "1.0"
    }
  ],
  "errors": []
}
                  </pre>
                </div>
              </div>
            </div>
            <div
              class="JSONForm-actionButtons-62"
            >
              <button
                class="MuiButtonBase-root-124 MuiButton-root-95 MuiButton-contained-103 MuiButton-containedPrimary-104"
                tabindex="0"
                type="submit"
              >
                <span
                  class="MuiButton-label-96"
                >
                  common.submit
                </span>
                <span
                  class="MuiTouchRipple-root-127"
                />
              </button>
            </div>
          </form>
        </div>
      </div>
    </div>
  </div>
  
</div>
`;

exports[`<ProcessDefinitionContainer /> renders snapshot correctly on error state 1`] = `
<div>
  <div
    class="MuiContainer-root MuiContainer-disableGutters MuiContainer-maxWidthLg"
  >
    <div
      class="MuiPaper-root WidgetBox-widgetBox-167 MuiPaper-outlined"
    >
      <div
        class="MuiBox-root MuiBox-root-197"
      >
        <div>
          <span
            class="MuiSkeleton-root MuiSkeleton-rect JSONFormSkeleton-header-207 MuiSkeleton-pulse"
            style="width: 280px; height: 18px;"
          />
          <hr
            class="MuiDivider-root JSONFormSkeleton-divider-208"
          />
        </div>
        <div
          class="JSONFormSkeleton-item-209"
        >
          <span
            class="MuiSkeleton-root MuiSkeleton-rect MuiSkeleton-pulse"
            style="width: 80px; height: 15px;"
          />
          <hr
            class="MuiDivider-root JSONFormSkeleton-field-210"
          />
          <span
            class="MuiSkeleton-root MuiSkeleton-rect MuiSkeleton-pulse"
            style="width: 120px; height: 12px;"
          />
        </div>
        <div>
          <span
            class="MuiSkeleton-root MuiSkeleton-rect MuiSkeleton-pulse"
            style="width: 80px; height: 15px;"
          />
          <hr
            class="MuiDivider-root JSONFormSkeleton-field-210"
          />
          <span
            class="MuiSkeleton-root MuiSkeleton-rect MuiSkeleton-pulse"
            style="width: 160px; height: 12px;"
          />
        </div>
        <div
          class="JSONFormSkeleton-controls-211"
        >
          <span
            class="MuiSkeleton-root MuiSkeleton-rect MuiSkeleton-pulse"
            style="width: 80px; height: 30px;"
          />
        </div>
      </div>
    </div>
  </div>
  <div
    class="MuiSnackbar-root MuiSnackbar-anchorOriginBottomCenter"
  >
    <div
      class="MuiPaper-root MuiSnackbarContent-root Notification-error-204 MuiPaper-elevation6"
      direction="up"
      role="alert"
      style="opacity: 1; transform: scale(1, 1); transition: opacity 225ms cubic-bezier(0.4, 0, 0.2, 1) 0ms,transform 150ms cubic-bezier(0.4, 0, 0.2, 1) 0ms;"
    >
      <div
        class="MuiSnackbarContent-message"
      >
        <span
          class="Notification-message-201"
        >
          <svg
            aria-hidden="true"
            class="MuiSvgIcon-root Notification-icon-202 Notification-iconVariant-203"
            focusable="false"
            role="presentation"
            viewBox="0 0 24 24"
          >
            <path
              d="M12 2C6.48 2 2 6.48 2 12s4.48 10 10 10 10-4.48 10-10S17.52 2 12 2zm1 15h-2v-2h2v2zm0-4h-2V7h2v6z"
            />
          </svg>
          invalid json response body at undefined reason: Unexpected end of JSON input
        </span>
      </div>
      <div
        class="MuiSnackbarContent-action"
      >
        <button
          aria-label="close"
          class="MuiButtonBase-root MuiIconButton-root MuiIconButton-colorInherit"
          tabindex="0"
          type="button"
        >
          <span
            class="MuiIconButton-label"
          >
            <svg
              aria-hidden="true"
              class="MuiSvgIcon-root Notification-icon-202"
              focusable="false"
              role="presentation"
              viewBox="0 0 24 24"
            >
              <path
                d="M19 6.41L17.59 5 12 10.59 6.41 5 5 6.41 10.59 12 5 17.59 6.41 19 12 13.41 17.59 19 19 17.59 13.41 12z"
              />
            </svg>
          </span>
          <span
            class="MuiTouchRipple-root"
          />
        </button>
      </div>
    </div>
  </div>
</div>
`;
