// Jest Snapshot v1, https://goo.gl/fbAQLP

exports[`<AddComment /> renders snapshot correctly 1`] = `
<div>
  <div>
    <div
      class="MuiFormControl-root MuiTextField-root AddComment-addNoteField-1"
    >
      <label
        class="MuiFormLabel-root MuiInputLabel-root MuiInputLabel-formControl MuiInputLabel-animated"
        data-shrink="false"
        for="standard-textarea"
        id="standard-textarea-label"
      >
        taskComments.addNote
      </label>
      <div
        class="MuiInputBase-root MuiInput-root MuiInput-underline MuiInputBase-formControl MuiInput-formControl MuiInputBase-multiline MuiInput-multiline"
      >
        <textarea
          aria-invalid="false"
          class="MuiInputBase-input MuiInput-input MuiInputBase-inputMultiline MuiInput-inputMultiline"
          id="standard-textarea"
          rows="2"
        />
      </div>
    </div>
    <div
      class="AddComment-actionButtons-2"
    >
      <button
        class="MuiButtonBase-root MuiButton-root MuiButton-outlined MuiButton-outlinedPrimary"
        tabindex="0"
        type="button"
      >
        <span
          class="MuiButton-label"
        >
          common.add
        </span>
        <span
          class="MuiTouchRipple-root"
        />
      </button>
    </div>
  </div>
</div>
`;
