// Jest Snapshot v1, https://goo.gl/fbAQLP

exports[`<TaskCommentsSkeleton /> renders snapshot correctly 1`] = `
<div>
  <div>
    <div
      class="MuiSkeleton-root MuiSkeleton-rect MuiSkeleton-animate"
      style="width: 190px; height: 20px;"
    />
    <hr
      class="MuiDivider-root GeneralInformationSkeleton-divider-1"
    />
  </div>
  <div>
    <div
      class="GeneralInformationSkeleton-comment-2"
    >
      <div
        class="MuiSkeleton-root MuiSkeleton-circle GeneralInformationSkeleton-avatar-3 MuiSkeleton-animate"
        style="width: 40px; height: 40px;"
      />
      <div>
        <div
          class="MuiSkeleton-root MuiSkeleton-rect GeneralInformationSkeleton-commentText-4 MuiSkeleton-animate"
          style="width: 90px; height: 15px;"
        />
        <div
          class="MuiSkeleton-root MuiSkeleton-rect GeneralInformationSkeleton-commentInfo-5 MuiSkeleton-animate"
          style="width: 190px; height: 12px;"
        />
      </div>
    </div>
    <div
      class="GeneralInformationSkeleton-comment-2"
    >
      <div
        class="MuiSkeleton-root MuiSkeleton-circle GeneralInformationSkeleton-avatar-3 MuiSkeleton-animate"
        style="width: 40px; height: 40px;"
      />
      <div>
        <div
          class="MuiSkeleton-root MuiSkeleton-rect GeneralInformationSkeleton-commentText-4 MuiSkeleton-animate"
          style="width: 220px; height: 15px;"
        />
        <div
          class="MuiSkeleton-root MuiSkeleton-rect GeneralInformationSkeleton-commentInfo-5 MuiSkeleton-animate"
          style="width: 190px; height: 12px;"
        />
      </div>
    </div>
    <div
      class="GeneralInformationSkeleton-comment-2"
    >
      <div
        class="MuiSkeleton-root MuiSkeleton-circle GeneralInformationSkeleton-avatar-3 MuiSkeleton-animate"
        style="width: 40px; height: 40px;"
      />
      <div>
        <div
          class="MuiSkeleton-root MuiSkeleton-rect GeneralInformationSkeleton-commentText-4 MuiSkeleton-animate"
          style="width: 320px; height: 15px;"
        />
        <div
          class="MuiSkeleton-root MuiSkeleton-rect GeneralInformationSkeleton-commentInfo-5 MuiSkeleton-animate"
          style="width: 190px; height: 12px;"
        />
      </div>
    </div>
    <div
      class="GeneralInformationSkeleton-addComment-6"
    >
      <div
        class="MuiSkeleton-root MuiSkeleton-rect MuiSkeleton-animate"
        style="width: 50px;"
      />
      <hr
        class="MuiDivider-root GeneralInformationSkeleton-textField-7"
      />
    </div>
    <div
      class="GeneralInformationSkeleton-controls-8"
    >
      <div
        class="MuiSkeleton-root MuiSkeleton-rect MuiSkeleton-animate"
        style="width: 70px; height: 30px;"
      />
    </div>
  </div>
</div>
`;
