// Jest Snapshot v1, https://goo.gl/fbAQLP

exports[`<TaskCommentsContainer /> renders snapshot correctly 1`] = `
<div>
  <div
    class="MuiContainer-root MuiContainer-disableGutters MuiContainer-maxWidthLg"
  >
    <div
      class="MuiPaper-root WidgetBox-widgetBox-224 MuiPaper-outlined"
    >
      <div
        class="MuiBox-root MuiBox-root-254"
      >
        <h3
          class="MuiTypography-root MuiTypography-h3"
        >
          taskComments.title
           - 
          7@forms-sample_1.0.1-SNAPSHOT
        </h3>
        <div>
          <button
            class="MuiButtonBase-root MuiIconButton-root"
            tabindex="0"
            type="button"
          >
            <span
              class="MuiIconButton-label"
            >
              <svg
                aria-hidden="true"
                class="MuiSvgIcon-root"
                focusable="false"
                role="presentation"
                viewBox="0 0 24 24"
              >
                <path
                  d="M12 8l-6 6 1.41 1.41L12 10.83l4.59 4.58L18 14z"
                />
              </svg>
            </span>
            <span
              class="MuiTouchRipple-root"
            />
          </button>
        </div>
      </div>
      <hr
        class="MuiDivider-root"
      />
      <div
        class="MuiBox-root MuiBox-root-313"
      >
        <div
          class="TaskComments-commentContainer-24"
        >
          <div
            class="Comment-comment-314"
          >
            <div
              class="Comment-avatar-315"
            >
              <div
                class="MuiAvatar-root MuiAvatar-circle"
              >
                <img
                  alt="pamAdmin"
                  class="MuiAvatar-img"
                  src="/"
                />
              </div>
            </div>
            <div
              class="Comment-commentText-316"
            >
              <div>
                Lorem ipsum dolor sit amet, consectetur adipiscing elit. Duis volutpat est ipsum, quis congue est pharetra ut. Morbi mollis sem eu tellus elementum, et bibendum dolor viverra. Donec maximus quam ligula, et commodo risus ultricies vel. Morbi mollis dui odio, id accumsan turpis pulvinar vitae. Mauris fringilla in mauris nec ullamcorper. Orci varius natoque penatibus et magnis dis parturient montes, nascetur ridiculus mus. Sed eu sagittis metus, vitae posuere neque. Etiam ultrices, leo a convallis pharetra, magna ante mollis est, ut tristique neque mauris quis lacus.

In pulvinar, leo quis congue molestie, metus dolor sagittis magna, nec efficitur leo tortor at orci. Sed fringilla urna non urna dapibus, ac imperdiet libero condimentum. Phasellus vulputate vel est eu facilisis. Pellentesque eu purus egestas, condimentum ante finibus, consectetur purus. Sed commodo ante aliquam, vestibulum est at, laoreet lorem. Etiam blandit mi sed lectus fermentum, sit amet lacinia ligula egestas. Curabitur id elit mattis, ultricies mauris sagittis, viverra nulla. Nunc id ligula a dolor placerat porttitor ut in neque. Curabitur imperdiet felis a magna fringilla, nec tempus justo scelerisque.
              </div>
              <div
                class="Comment-created-317"
              >
                pamAdmin - 1/1/2020, 12:00:00 AM - 
                <span
                  role="button"
                  tabindex="0"
                >
                  taskComments.remove
                </span>
              </div>
            </div>
          </div>
          <div
            class="Comment-comment-314"
          >
            <div
              class="Comment-avatar-315"
            >
              <div
                class="MuiAvatar-root MuiAvatar-circle"
              >
                <img
                  alt="pamAdmin"
                  class="MuiAvatar-img"
                  src="/"
                />
              </div>
            </div>
            <div
              class="Comment-commentText-316"
            >
              <div>
                Aenean felis nisi, elementum eu pretium sit amet, condimentum vitae ligula. Quisque facilisis lorem sit amet diam gravida luctus non sit amet eros. Donec id pulvinar lectus. Nunc at sollicitudin nunc. In lorem urna, molestie at ex auctor, tincidunt congue mi. Quisque nunc eros, efficitur eu ex dictum, tincidunt convallis velit. Phasellus et dui metus. Pellentesque ut varius augue, nec maximus elit. Mauris aliquam turpis vel enim egestas rhoncus. Aliquam facilisis magna id nibh cursus auctor. Mauris tellus mauris, auctor eu elementum id, maximus in lorem. Aenean in justo lacinia, malesuada nibh vitae, eleifend nisi. Nulla dapibus odio et dui ullamcorper congue. Sed porttitor sit amet leo et suscipit. Ut ac mattis metus, id venenatis ipsum. In quam metus, semper a magna ac, laoreet eleifend ex.
              </div>
              <div
                class="Comment-created-317"
              >
                pamAdmin - 1/1/2020, 12:00:00 AM - 
                <span
                  role="button"
                  tabindex="0"
                >
                  taskComments.remove
                </span>
              </div>
            </div>
          </div>
          <div
            class="Comment-comment-314"
          >
            <div
              class="Comment-avatar-315"
            >
              <div
                class="MuiAvatar-root MuiAvatar-circle"
              >
                <img
                  alt="pamAdmin"
                  class="MuiAvatar-img"
                  src="/"
                />
              </div>
            </div>
            <div
              class="Comment-commentText-316"
            >
              <div>
                Pellentesque pretium bibendum eros eget hendrerit. Aliquam mollis augue nibh, id lobortis.
              </div>
              <div
                class="Comment-created-317"
              >
                pamAdmin - 1/1/2020, 12:00:00 AM - 
                <span
                  role="button"
                  tabindex="0"
                >
                  taskComments.remove
                </span>
              </div>
            </div>
          </div>
        </div>
        <div>
          <label
            class="AddComment-addNoteLabel-327"
            for="comment-entry"
          >
            taskComments.addNote
          </label>
          <textarea
            class="AddComment-addNoteField-326"
            id="comment-entry"
            rows="2"
            style="height: -4px; overflow: hidden;"
          />
          <textarea
            aria-hidden="true"
            class="AddComment-addNoteField-326"
            readonly=""
            style="visibility: hidden; position: absolute; overflow: hidden; height: 0px; top: 0px; left: 0px; transform: translateZ(0);"
            tabindex="-1"
          />
          <p
            class="MuiTypography-root AddComment-addNoteLimit-328 MuiTypography-body1"
          >
            taskComments.maxChars
          </p>
          <div
            class="AddComment-actionButtons-329"
          >
            <button
              class="MuiButtonBase-root MuiButton-root MuiButton-outlined MuiButton-outlinedPrimary"
              tabindex="0"
              type="button"
            >
              <span
                class="MuiButton-label"
              >
                common.add
              </span>
              <span
                class="MuiTouchRipple-root"
              />
            </button>
          </div>
        </div>
      </div>
    </div>
  </div>
  
</div>
`;
