// Jest Snapshot v1, https://goo.gl/fbAQLP

exports[`<App /> renders snapshot correctly 1`] = `
<div>
  <div
    class="App"
  >
    <header
      class="MuiPaper-root MuiAppBar-root MuiAppBar-positionStatic MuiAppBar-colorPrimary makeStyles-appBar-1 MuiPaper-elevation4"
    >
      <div
        class="MuiToolbar-root MuiToolbar-regular MuiToolbar-gutters"
      >
        <button
          aria-label="menu"
          class="MuiButtonBase-root MuiIconButton-root makeStyles-menuButton-2 MuiIconButton-colorInherit MuiIconButton-edgeStart"
          tabindex="0"
          type="button"
        >
          <span
            class="MuiIconButton-label"
          >
            <svg
              aria-hidden="true"
              class="MuiSvgIcon-root"
              focusable="false"
              role="presentation"
              viewBox="0 0 24 24"
            >
              <path
                d="M3 18h18v-2H3v2zm0-5h18v-2H3v2zm0-7v2h18V6H3z"
              />
            </svg>
          </span>
          <span
            class="MuiTouchRipple-root"
          />
        </button>
        <h2
          class="MuiTypography-root makeStyles-title-3 MuiTypography-h2"
        >
          Entando - PAM Plugin
        </h2>
        <label
          class="MuiFormControlLabel-root MuiFormControlLabel-labelPlacementStart"
        >
          <span
            aria-disabled="false"
            class="MuiButtonBase-root MuiIconButton-root PrivateSwitchBase-root-111 MuiCheckbox-root MuiCheckbox-colorSecondary MuiIconButton-colorSecondary"
          >
            <span
              class="MuiIconButton-label"
            >
              <input
                class="PrivateSwitchBase-input-114"
                data-indeterminate="false"
                type="checkbox"
                value=""
              />
              <svg
                aria-hidden="true"
                class="MuiSvgIcon-root"
                focusable="false"
                role="presentation"
                viewBox="0 0 24 24"
              >
                <path
                  d="M19 5v14H5V5h14m0-2H5c-1.1 0-2 .9-2 2v14c0 1.1.9 2 2 2h14c1.1 0 2-.9 2-2V5c0-1.1-.9-2-2-2z"
                />
              </svg>
            </span>
            <span
              class="MuiTouchRipple-root"
            />
          </span>
          <span
            class="MuiTypography-root MuiFormControlLabel-label MuiTypography-body1"
          >
            Show skeleton
          </span>
        </label>
        <label
          class="MuiFormControlLabel-root MuiFormControlLabel-labelPlacementStart"
        >
          <span
            aria-disabled="false"
            class="MuiButtonBase-root MuiIconButton-root PrivateSwitchBase-root-111 MuiCheckbox-root MuiCheckbox-colorSecondary PrivateSwitchBase-checked-112 Mui-checked MuiIconButton-colorSecondary"
          >
            <span
              class="MuiIconButton-label"
            >
              <input
                checked=""
                class="PrivateSwitchBase-input-114"
                data-indeterminate="false"
                type="checkbox"
                value=""
              />
              <svg
                aria-hidden="true"
                class="MuiSvgIcon-root"
                focusable="false"
                role="presentation"
                viewBox="0 0 24 24"
              >
                <path
                  d="M19 3H5c-1.11 0-2 .9-2 2v14c0 1.1.89 2 2 2h14c1.11 0 2-.9 2-2V5c0-1.1-.89-2-2-2zm-9 14l-5-5 1.41-1.41L10 14.17l7.59-7.59L19 8l-9 9z"
                />
              </svg>
            </span>
            <span
              class="MuiTouchRipple-root"
            />
          </span>
          <span
            class="MuiTypography-root MuiFormControlLabel-label MuiTypography-body1"
          >
            Lazy Loading
          </span>
        </label>
        <user-auth
          base-url=""
          class="makeStyles-userAuth-4"
          kc-auth-url="http://test-keycloak.51.91.30.184.nip.io/auth"
          kc-client-id="eti-dig-ex"
          kc-realm="entando"
        />
      </div>
    </header>
    <div
      class="MuiContainer-root app-container"
    >
      <div
        class="app-home"
      >
        <h1
          class="MuiTypography-root MuiTypography-h1"
          style="font-size: 1.5rem;"
        >
          Entando Process Automation Manager
        </h1>
        <p
          class="MuiTypography-root MuiTypography-body1"
        >
          This is a demo page of all available Entando PAM widgets
        </p>
      </div>
    </div>
  </div>
</div>
`;
