// Jest Snapshot v1, https://goo.gl/fbAQLP

exports[`<Home /> renders snapshot correctly 1`] = `
<div>
  <div
    class="app-home"
  >
    <h1
      class="MuiTypography-root MuiTypography-h1"
      style="font-size: 1.5rem;"
    >
      Entando Process Automation Manager
    </h1>
    <p
      class="MuiTypography-root MuiTypography-body1"
    >
      This is a demo page of all available Entando PAM widgets
    </p>
  </div>
</div>
`;
