// Jest Snapshot v1, https://goo.gl/fbAQLP

exports[`<JSONFormSkeleton /> renders snapshot correctly 1`] = `
<div>
  <div>
    <span
      class="MuiSkeleton-root MuiSkeleton-rect JSONFormSkeleton-header-1 MuiSkeleton-pulse"
      style="width: 280px; height: 18px;"
    />
    <hr
      class="MuiDivider-root JSONFormSkeleton-divider-2"
    />
  </div>
  <div
    class="JSONFormSkeleton-item-3"
  >
    <span
      class="MuiSkeleton-root MuiSkeleton-rect MuiSkeleton-pulse"
      style="width: 80px; height: 15px;"
    />
    <hr
      class="MuiDivider-root JSONFormSkeleton-field-4"
    />
    <span
      class="MuiSkeleton-root MuiSkeleton-rect MuiSkeleton-pulse"
      style="width: 120px; height: 12px;"
    />
  </div>
  <div>
    <span
      class="MuiSkeleton-root MuiSkeleton-rect MuiSkeleton-pulse"
      style="width: 80px; height: 15px;"
    />
    <hr
      class="MuiDivider-root JSONFormSkeleton-field-4"
    />
    <span
      class="MuiSkeleton-root MuiSkeleton-rect MuiSkeleton-pulse"
      style="width: 160px; height: 12px;"
    />
  </div>
  <div
    class="JSONFormSkeleton-controls-5"
  >
    <span
      class="MuiSkeleton-root MuiSkeleton-rect MuiSkeleton-pulse"
      style="width: 80px; height: 30px;"
    />
  </div>
</div>
`;
