// Jest Snapshot v1, https://goo.gl/fbAQLP

exports[`<OvertimeGraphContainer /> should match snapshot 1`] = `
<div>
  <div
    class="MuiPaper-root MuiPaper-elevation1 MuiPaper-rounded"
  >
    <div
      class="MuiBox-root MuiBox-root-29"
    >
      <h5
        class="MuiTypography-root MuiTypography-h5 MuiTypography-gutterBottom"
      >
        Requests Volume
      </h5>
      <div
        class="MuiGrid-root MuiGrid-container"
      >
        <div
          class="MuiGrid-root MuiGrid-item MuiGrid-grid-xs-8"
        >
          <h6
            class="MuiTypography-root MuiTypography-subtitle1"
          >
            Requests
          </h6>
        </div>
        <div
          class="MuiGrid-root MuiGrid-item MuiGrid-grid-xs-4"
        >
          tabs
        </div>
      </div>
      <div
        class="MuiGrid-root MuiGrid-container"
      >
        <div
          class="MuiGrid-root MuiGrid-item MuiGrid-grid-xs-8"
          style="height: 250px;"
        >
          <div
            class="recharts-responsive-container"
            id="undefined"
            style="width: 100%; height: 100%;"
          >
            <div />
          </div>
        </div>
        <div
          class="MuiGrid-root MuiGrid-item MuiGrid-grid-xs-4"
        >
          details here
        </div>
      </div>
    </div>
  </div>
</div>
`;
