// Jest Snapshot v1, https://goo.gl/fbAQLP

exports[`<TaskListConfig /> renders snapshot correctly 1`] = `
<div>
  <div>
    <form>
      <div
        class="row"
      >
        <div
          class="col-xs-12"
        >
          <div
            class="form-group"
          >
            <label
              class="control-label"
              for="connection"
            >
              Knowledge Source
            </label>
            <select
              class="form-control"
            >
              <option
                value=""
              >
                Select...
              </option>
              <option
                value="kieStaging"
              >
                kieStaging
              </option>
              <option
                value="kie2Server"
              >
                kie2Server
              </option>
              <option
                value="test"
              >
                test
              </option>
            </select>
            <span
              class="help-block"
            >
              Select one of the Kie server connections.
            </span>
          </div>
          <div
            class="form-group"
          >
            <label
              class="control-label"
              for="connection"
            >
              Process
            </label>
            <select
              class="form-control"
            >
              <option
                value=""
              >
                Select...
              </option>
              <option
                value="Mortgage_Process.MortgageApprovalProcess@mortgage-process_1.0.0-SNAPSHOT"
              >
                MortgageApprovalProcess @ mortgage-process_1.0.0-SNAPSHOT
              </option>
              <option
                value="evaluation@evaluation_1.0.0-SNAPSHOT"
              >
                Evaluation @ evaluation_1.0.0-SNAPSHOT
              </option>
              <option
                value="itorders.orderhardware@itorders_1.0.0-SNAPSHOT"
              >
                Order for IT hardware @ itorders_1.0.0-SNAPSHOT
              </option>
              <option
                value="Mortgage_Process.MortgageApprovalProcess@mortgage-process_1.0.1-SNAPSHOT"
              >
                MortgageApprovalProcess @ mortgage-process_1.0.1-SNAPSHOT
              </option>
              <option
                value="com.redhat.bpms.examples.mortgage.MortgageApplication@mortgage_1.0"
              >
                MortgageApplication @ mortgage_1.0
              </option>
              <option
                value="itorders-data.place-order@itorders_1.0.0-SNAPSHOT"
              >
                place-order @ itorders_1.0.0-SNAPSHOT
              </option>
            </select>
            <span
              class="help-block"
            >
              Select one BPM Process.
            </span>
          </div>
        </div>
      </div>
      <section>
        <legend>
          General options
        </legend>
        <div
          class="row"
        >
          <div
            class="col-xs-12"
          >
            <div
              class="form-group"
            >
              <span
                class="input-group"
              >
                <div
                  class="bootstrap-switch wrapper bootstrap-switch-off bootstrap-switch-normal bootstrap-switch-animate"
                  style="width: auto;"
                  tabindex="0"
                >
                  <div
                    class="bootstrap-switch-container"
                    style="width: auto; margin-left: 0px;"
                  >
                    <span
                      class="bootstrap-switch-handle-on bootstrap-switch-primary"
                      style="width: 0px;"
                    >
                      ON
                    </span>
                    <span
                      class="bootstrap-switch-label"
                      style="width: 0px;"
                    >
                       
                    </span>
                    <span
                      class="bootstrap-switch-handle-off bootstrap-switch-default"
                      style="width: 0px;"
                    >
                      OFF
                    </span>
                  </div>
                </div>
                <label
                  class="switch-label control-label"
                  for="newPageOnClick"
                >
                  Open new page on table row click
                </label>
              </span>
            </div>
            <div
              class="form-group"
            >
              <span
                class="input-group"
              >
                <div
                  class="bootstrap-switch wrapper bootstrap-switch-on bootstrap-switch-normal bootstrap-switch-animate"
                  style="width: auto;"
                  tabindex="0"
                >
                  <div
                    class="bootstrap-switch-container"
                    style="width: auto; margin-left: 0px;"
                  >
                    <span
                      class="bootstrap-switch-handle-on bootstrap-switch-primary"
                      style="width: 0px;"
                    >
                      ON
                    </span>
                    <span
                      class="bootstrap-switch-label"
                      style="width: 0px;"
                    >
                       
                    </span>
                    <span
                      class="bootstrap-switch-handle-off bootstrap-switch-default"
                      style="width: 0px;"
                    >
                      OFF
                    </span>
                  </div>
                </div>
                <label
                  class="switch-label control-label"
                  for="showClaim"
                >
                  Show Claim Button
                </label>
              </span>
            </div>
            <div
              class="form-group"
            >
              <span
                class="input-group"
              >
                <div
                  class="bootstrap-switch wrapper bootstrap-switch-on bootstrap-switch-normal bootstrap-switch-animate"
                  style="width: auto;"
                  tabindex="0"
                >
                  <div
                    class="bootstrap-switch-container"
                    style="width: auto; margin-left: 0px;"
                  >
                    <span
                      class="bootstrap-switch-handle-on bootstrap-switch-primary"
                      style="width: 0px;"
                    >
                      ON
                    </span>
                    <span
                      class="bootstrap-switch-label"
                      style="width: 0px;"
                    >
                       
                    </span>
                    <span
                      class="bootstrap-switch-handle-off bootstrap-switch-default"
                      style="width: 0px;"
                    >
                      OFF
                    </span>
                  </div>
                </div>
                <label
                  class="switch-label control-label"
                  for="showComplete"
                >
                  Show Complete Button
                </label>
              </span>
            </div>
          </div>
        </div>
        <legend>
          BPM Groups
        </legend>
        <div
          class="row"
        >
          <div
            class="col-xs-12"
          >
            <div
              class="form-group"
            >
              <span
                class="input-group"
              >
                <div
                  class="bootstrap-switch wrapper bootstrap-switch-on bootstrap-switch-normal"
                  style="width: auto;"
                  tabindex="0"
                >
                  <div
                    class="bootstrap-switch-container"
                    style="width: auto; margin-left: 0px;"
                  >
                    <span
                      class="bootstrap-switch-handle-on bootstrap-switch-primary"
                      style="width: 0px;"
                    >
                      ON
                    </span>
                    <span
                      class="bootstrap-switch-label"
                      style="width: 0px;"
                    >
                       
                    </span>
                    <span
                      class="bootstrap-switch-handle-off bootstrap-switch-default"
                      style="width: 0px;"
                    >
                      OFF
                    </span>
                  </div>
                </div>
                <label
                  class="switch-label control-label"
                  for="Administrators"
                >
                  Administrators
                </label>
              </span>
            </div>
            <div
              class="form-group"
            >
              <span
                class="input-group"
              >
                <div
                  class="bootstrap-switch wrapper bootstrap-switch-on bootstrap-switch-normal"
                  style="width: auto;"
                  tabindex="0"
                >
                  <div
                    class="bootstrap-switch-container"
                    style="width: auto; margin-left: 0px;"
                  >
                    <span
                      class="bootstrap-switch-handle-on bootstrap-switch-primary"
                      style="width: 0px;"
                    >
                      ON
                    </span>
                    <span
                      class="bootstrap-switch-label"
                      style="width: 0px;"
                    >
                       
                    </span>
                    <span
                      class="bootstrap-switch-handle-off bootstrap-switch-default"
                      style="width: 0px;"
                    >
                      OFF
                    </span>
                  </div>
                </div>
                <label
                  class="switch-label control-label"
                  for="broker"
                >
                  broker
                </label>
              </span>
            </div>
            <div
              class="form-group"
            >
              <span
                class="input-group"
              >
                <div
                  class="bootstrap-switch wrapper bootstrap-switch-off bootstrap-switch-normal"
                  style="width: auto;"
                  tabindex="0"
                >
                  <div
                    class="bootstrap-switch-container"
                    style="width: auto; margin-left: 0px;"
                  >
                    <span
                      class="bootstrap-switch-handle-on bootstrap-switch-primary"
                      style="width: 0px;"
                    >
                      ON
                    </span>
                    <span
                      class="bootstrap-switch-label"
                      style="width: 0px;"
                    >
                       
                    </span>
                    <span
                      class="bootstrap-switch-handle-off bootstrap-switch-default"
                      style="width: 0px;"
                    >
                      OFF
                    </span>
                  </div>
                </div>
                <label
                  class="switch-label control-label"
                  for="admin"
                >
                  admin
                </label>
              </span>
            </div>
            <div
              class="form-group"
            >
              <span
                class="input-group"
              >
                <div
                  class="bootstrap-switch wrapper bootstrap-switch-off bootstrap-switch-normal"
                  style="width: auto;"
                  tabindex="0"
                >
                  <div
                    class="bootstrap-switch-container"
                    style="width: auto; margin-left: 0px;"
                  >
                    <span
                      class="bootstrap-switch-handle-on bootstrap-switch-primary"
                      style="width: 0px;"
                    >
                      ON
                    </span>
                    <span
                      class="bootstrap-switch-label"
                      style="width: 0px;"
                    >
                       
                    </span>
                    <span
                      class="bootstrap-switch-handle-off bootstrap-switch-default"
                      style="width: 0px;"
                    >
                      OFF
                    </span>
                  </div>
                </div>
                <label
                  class="switch-label control-label"
                  for="rest-all"
                >
                  rest-all
                </label>
              </span>
            </div>
            <div
              class="form-group"
            >
              <span
                class="input-group"
              >
                <div
                  class="bootstrap-switch wrapper bootstrap-switch-on bootstrap-switch-normal"
                  style="width: auto;"
                  tabindex="0"
                >
                  <div
                    class="bootstrap-switch-container"
                    style="width: auto; margin-left: 0px;"
                  >
                    <span
                      class="bootstrap-switch-handle-on bootstrap-switch-primary"
                      style="width: 0px;"
                    >
                      ON
                    </span>
                    <span
                      class="bootstrap-switch-label"
                      style="width: 0px;"
                    >
                       
                    </span>
                    <span
                      class="bootstrap-switch-handle-off bootstrap-switch-default"
                      style="width: 0px;"
                    >
                      OFF
                    </span>
                  </div>
                </div>
                <label
                  class="switch-label control-label"
                  for="kiemgmt"
                >
                  kiemgmt
                </label>
              </span>
            </div>
            <div
              class="form-group"
            >
              <span
                class="input-group"
              >
                <div
                  class="bootstrap-switch wrapper bootstrap-switch-on bootstrap-switch-normal"
                  style="width: auto;"
                  tabindex="0"
                >
                  <div
                    class="bootstrap-switch-container"
                    style="width: auto; margin-left: 0px;"
                  >
                    <span
                      class="bootstrap-switch-handle-on bootstrap-switch-primary"
                      style="width: 0px;"
                    >
                      ON
                    </span>
                    <span
                      class="bootstrap-switch-label"
                      style="width: 0px;"
                    >
                       
                    </span>
                    <span
                      class="bootstrap-switch-handle-off bootstrap-switch-default"
                      style="width: 0px;"
                    >
                      OFF
                    </span>
                  </div>
                </div>
                <label
                  class="switch-label control-label"
                  for="kie-server"
                >
                  kie-server
                </label>
              </span>
            </div>
            <div
              class="form-group"
            >
              <span
                class="input-group"
              >
                <div
                  class="bootstrap-switch wrapper bootstrap-switch-off bootstrap-switch-normal"
                  style="width: auto;"
                  tabindex="0"
                >
                  <div
                    class="bootstrap-switch-container"
                    style="width: auto; margin-left: 0px;"
                  >
                    <span
                      class="bootstrap-switch-handle-on bootstrap-switch-primary"
                      style="width: 0px;"
                    >
                      ON
                    </span>
                    <span
                      class="bootstrap-switch-label"
                      style="width: 0px;"
                    >
                       
                    </span>
                    <span
                      class="bootstrap-switch-handle-off bootstrap-switch-default"
                      style="width: 0px;"
                    >
                      OFF
                    </span>
                  </div>
                </div>
                <label
                  class="switch-label control-label"
                  for="appraiser"
                >
                  appraiser
                </label>
              </span>
            </div>
            <div
              class="form-group"
            >
              <span
                class="input-group"
              >
                <div
                  class="bootstrap-switch wrapper bootstrap-switch-on bootstrap-switch-normal"
                  style="width: auto;"
                  tabindex="0"
                >
                  <div
                    class="bootstrap-switch-container"
                    style="width: auto; margin-left: 0px;"
                  >
                    <span
                      class="bootstrap-switch-handle-on bootstrap-switch-primary"
                      style="width: 0px;"
                    >
                      ON
                    </span>
                    <span
                      class="bootstrap-switch-label"
                      style="width: 0px;"
                    >
                       
                    </span>
                    <span
                      class="bootstrap-switch-handle-off bootstrap-switch-default"
                      style="width: 0px;"
                    >
                      OFF
                    </span>
                  </div>
                </div>
                <label
                  class="switch-label control-label"
                  for="manager"
                >
                  manager
                </label>
              </span>
            </div>
            <div
              class="form-group"
            >
              <span
                class="input-group"
              >
                <div
                  class="bootstrap-switch wrapper bootstrap-switch-on bootstrap-switch-normal"
                  style="width: auto;"
                  tabindex="0"
                >
                  <div
                    class="bootstrap-switch-container"
                    style="width: auto; margin-left: 0px;"
                  >
                    <span
                      class="bootstrap-switch-handle-on bootstrap-switch-primary"
                      style="width: 0px;"
                    >
                      ON
                    </span>
                    <span
                      class="bootstrap-switch-label"
                      style="width: 0px;"
                    >
                       
                    </span>
                    <span
                      class="bootstrap-switch-handle-off bootstrap-switch-default"
                      style="width: 0px;"
                    >
                      OFF
                    </span>
                  </div>
                </div>
                <label
                  class="switch-label control-label"
                  for="supplier"
                >
                  supplier
                </label>
              </span>
            </div>
            <div
              class="form-group"
            >
              <span
                class="input-group"
              >
                <div
                  class="bootstrap-switch wrapper bootstrap-switch-on bootstrap-switch-normal"
                  style="width: auto;"
                  tabindex="0"
                >
                  <div
                    class="bootstrap-switch-container"
                    style="width: auto; margin-left: 0px;"
                  >
                    <span
                      class="bootstrap-switch-handle-on bootstrap-switch-primary"
                      style="width: 0px;"
                    >
                      ON
                    </span>
                    <span
                      class="bootstrap-switch-label"
                      style="width: 0px;"
                    >
                       
                    </span>
                    <span
                      class="bootstrap-switch-handle-off bootstrap-switch-default"
                      style="width: 0px;"
                    >
                      OFF
                    </span>
                  </div>
                </div>
                <label
                  class="switch-label control-label"
                  for="IT"
                >
                  IT
                </label>
              </span>
            </div>
            <div
              class="form-group"
            >
              <span
                class="input-group"
              >
                <div
                  class="bootstrap-switch wrapper bootstrap-switch-on bootstrap-switch-normal"
                  style="width: auto;"
                  tabindex="0"
                >
                  <div
                    class="bootstrap-switch-container"
                    style="width: auto; margin-left: 0px;"
                  >
                    <span
                      class="bootstrap-switch-handle-on bootstrap-switch-primary"
                      style="width: 0px;"
                    >
                      ON
                    </span>
                    <span
                      class="bootstrap-switch-label"
                      style="width: 0px;"
                    >
                       
                    </span>
                    <span
                      class="bootstrap-switch-handle-off bootstrap-switch-default"
                      style="width: 0px;"
                    >
                      OFF
                    </span>
                  </div>
                </div>
                <label
                  class="switch-label control-label"
                  for="PM"
                >
                  PM
                </label>
              </span>
            </div>
          </div>
        </div>
        <legend>
          Task Columns
        </legend>
        <div
          class="row"
        >
          <div
            class="col-xs-12"
          >
            <table
              class="table"
            >
              <thead>
                <tr>
                  <th>
                    Position
                  </th>
                  <th>
                    Column Name
                  </th>
                  <th>
                    Visible
                  </th>
                  <th>
                    Override Fields
                  </th>
                </tr>
              </thead>
              <tbody>
                <tr>
                  <td>
                    <i
                      class="fa fa-bars"
                      style="cursor: ns-resize;"
                    />
                     
                    0
                  </td>
                  <td>
                    task-is-skipable
                  </td>
                  <td>
                    <div
                      class="checkbox"
                      style="margin: 0px;"
                    >
                      <label
                        title=""
                      >
                        <input
                          type="checkbox"
                        />
                      </label>
                    </div>
                  </td>
                  <td>
                    <input
                      class="form-control"
                      type="text"
                      value=""
                    />
                  </td>
                </tr>
                <tr>
                  <td>
                    <i
                      class="fa fa-bars"
                      style="cursor: ns-resize;"
                    />
                     
                    1
                  </td>
                  <td>
                    task-parent-id
                  </td>
                  <td>
                    <div
                      class="checkbox"
                      style="margin: 0px;"
                    >
                      <label
                        title=""
                      >
                        <input
                          type="checkbox"
                        />
                      </label>
                    </div>
                  </td>
                  <td>
                    <input
                      class="form-control"
                      type="text"
                      value=""
                    />
                  </td>
                </tr>
                <tr>
                  <td>
                    <i
                      class="fa fa-bars"
                      style="cursor: ns-resize;"
                    />
                     
                    2
                  </td>
                  <td>
                    task-created-by
                  </td>
                  <td>
                    <div
                      class="checkbox"
                      style="margin: 0px;"
                    >
                      <label
                        title=""
                      >
                        <input
                          checked=""
                          type="checkbox"
                        />
                      </label>
                    </div>
                  </td>
                  <td>
                    <input
                      class="form-control"
                      type="text"
                      value=""
                    />
                  </td>
                </tr>
                <tr>
                  <td>
                    <i
                      class="fa fa-bars"
                      style="cursor: ns-resize;"
                    />
                     
                    3
                  </td>
                  <td>
                    task-input-data.application.property.saleprice
                  </td>
                  <td>
                    <div
                      class="checkbox"
                      style="margin: 0px;"
                    >
                      <label
                        title=""
                      >
                        <input
                          checked=""
                          type="checkbox"
                        />
                      </label>
                    </div>
                  </td>
                  <td>
                    <input
                      class="form-control"
                      type="text"
                      value=""
                    />
                  </td>
                </tr>
                <tr>
                  <td>
                    <i
                      class="fa fa-bars"
                      style="cursor: ns-resize;"
                    />
                     
                    4
                  </td>
                  <td>
                    task-input-data.TaskName
                  </td>
                  <td>
                    <div
                      class="checkbox"
                      style="margin: 0px;"
                    >
                      <label
                        title=""
                      >
                        <input
                          checked=""
                          type="checkbox"
                        />
                      </label>
                    </div>
                  </td>
                  <td>
                    <input
                      class="form-control"
                      type="text"
                      value=""
                    />
                  </td>
                </tr>
                <tr>
                  <td>
                    <i
                      class="fa fa-bars"
                      style="cursor: ns-resize;"
                    />
                     
                    5
                  </td>
                  <td>
                    initiator
                  </td>
                  <td>
                    <div
                      class="checkbox"
                      style="margin: 0px;"
                    >
                      <label
                        title=""
                      >
                        <input
                          checked=""
                          type="checkbox"
                        />
                      </label>
                    </div>
                  </td>
                  <td>
                    <input
                      class="form-control"
                      type="text"
                      value=""
                    />
                  </td>
                </tr>
                <tr>
                  <td>
                    <i
                      class="fa fa-bars"
                      style="cursor: ns-resize;"
                    />
                     
                    6
                  </td>
                  <td>
                    task-created-on
                  </td>
                  <td>
                    <div
                      class="checkbox"
                      style="margin: 0px;"
                    >
                      <label
                        title=""
                      >
                        <input
                          checked=""
                          type="checkbox"
                        />
                      </label>
                    </div>
                  </td>
                  <td>
                    <input
                      class="form-control"
                      type="text"
                      value=""
                    />
                  </td>
                </tr>
                <tr>
                  <td>
                    <i
                      class="fa fa-bars"
                      style="cursor: ns-resize;"
                    />
                     
                    7
                  </td>
                  <td>
                    task-priority
                  </td>
                  <td>
                    <div
                      class="checkbox"
                      style="margin: 0px;"
                    >
                      <label
                        title=""
                      >
                        <input
                          type="checkbox"
                        />
                      </label>
                    </div>
                  </td>
                  <td>
                    <input
                      class="form-control"
                      type="text"
                      value=""
                    />
                  </td>
                </tr>
                <tr>
                  <td>
                    <i
                      class="fa fa-bars"
                      style="cursor: ns-resize;"
                    />
                     
                    8
                  </td>
                  <td>
                    task-proc-def-id
                  </td>
                  <td>
                    <div
                      class="checkbox"
                      style="margin: 0px;"
                    >
                      <label
                        title=""
                      >
                        <input
                          checked=""
                          type="checkbox"
                        />
                      </label>
                    </div>
                  </td>
                  <td>
                    <input
                      class="form-control"
                      type="text"
                      value=""
                    />
                  </td>
                </tr>
                <tr>
                  <td>
                    <i
                      class="fa fa-bars"
                      style="cursor: ns-resize;"
                    />
                     
                    9
                  </td>
                  <td>
                    task-form
                  </td>
                  <td>
                    <div
                      class="checkbox"
                      style="margin: 0px;"
                    >
                      <label
                        title=""
                      >
                        <input
                          checked=""
                          type="checkbox"
                        />
                      </label>
                    </div>
                  </td>
                  <td>
                    <input
                      class="form-control"
                      type="text"
                      value=""
                    />
                  </td>
                </tr>
                <tr>
                  <td>
                    <i
                      class="fa fa-bars"
                      style="cursor: ns-resize;"
                    />
                     
                    10
                  </td>
                  <td>
                    task-skippable
                  </td>
                  <td>
                    <div
                      class="checkbox"
                      style="margin: 0px;"
                    >
                      <label
                        title=""
                      >
                        <input
                          checked=""
                          type="checkbox"
                        />
                      </label>
                    </div>
                  </td>
                  <td>
                    <input
                      class="form-control"
                      type="text"
                      value=""
                    />
                  </td>
                </tr>
                <tr>
                  <td>
                    <i
                      class="fa fa-bars"
                      style="cursor: ns-resize;"
                    />
                     
                    11
                  </td>
                  <td>
                    task-input-data.application.applicant.name
                  </td>
                  <td>
                    <div
                      class="checkbox"
                      style="margin: 0px;"
                    >
                      <label
                        title=""
                      >
                        <input
                          checked=""
                          type="checkbox"
                        />
                      </label>
                    </div>
                  </td>
                  <td>
                    <input
                      class="form-control"
                      type="text"
                      value=""
                    />
                  </td>
                </tr>
                <tr>
                  <td>
                    <i
                      class="fa fa-bars"
                      style="cursor: ns-resize;"
                    />
                     
                    12
                  </td>
                  <td>
                    task-actual-owner
                  </td>
                  <td>
                    <div
                      class="checkbox"
                      style="margin: 0px;"
                    >
                      <label
                        title=""
                      >
                        <input
                          checked=""
                          type="checkbox"
                        />
                      </label>
                    </div>
                  </td>
                  <td>
                    <input
                      class="form-control"
                      type="text"
                      value=""
                    />
                  </td>
                </tr>
                <tr>
                  <td>
                    <i
                      class="fa fa-bars"
                      style="cursor: ns-resize;"
                    />
                     
                    13
                  </td>
                  <td>
                    task-activation-time
                  </td>
                  <td>
                    <div
                      class="checkbox"
                      style="margin: 0px;"
                    >
                      <label
                        title=""
                      >
                        <input
                          checked=""
                          type="checkbox"
                        />
                      </label>
                    </div>
                  </td>
                  <td>
                    <input
                      class="form-control"
                      type="text"
                      value=""
                    />
                  </td>
                </tr>
                <tr>
                  <td>
                    <i
                      class="fa fa-bars"
                      style="cursor: ns-resize;"
                    />
                     
                    14
                  </td>
                  <td>
                    task-input-data.application.applicant.address
                  </td>
                  <td>
                    <div
                      class="checkbox"
                      style="margin: 0px;"
                    >
                      <label
                        title=""
                      >
                        <input
                          checked=""
                          type="checkbox"
                        />
                      </label>
                    </div>
                  </td>
                  <td>
                    <input
                      class="form-control"
                      type="text"
                      value=""
                    />
                  </td>
                </tr>
                <tr>
                  <td>
                    <i
                      class="fa fa-bars"
                      style="cursor: ns-resize;"
                    />
                     
                    15
                  </td>
                  <td>
                    task-input-data.application.errors
                  </td>
                  <td>
                    <div
                      class="checkbox"
                      style="margin: 0px;"
                    >
                      <label
                        title=""
                      >
                        <input
                          checked=""
                          type="checkbox"
                        />
                      </label>
                    </div>
                  </td>
                  <td>
                    <input
                      class="form-control"
                      type="text"
                      value=""
                    />
                  </td>
                </tr>
                <tr>
                  <td>
                    <i
                      class="fa fa-bars"
                      style="cursor: ns-resize;"
                    />
                     
                    16
                  </td>
                  <td>
                    task-name
                  </td>
                  <td>
                    <div
                      class="checkbox"
                      style="margin: 0px;"
                    >
                      <label
                        title=""
                      >
                        <input
                          checked=""
                          type="checkbox"
                        />
                      </label>
                    </div>
                  </td>
                  <td>
                    <input
                      class="form-control"
                      type="text"
                      value=""
                    />
                  </td>
                </tr>
                <tr>
                  <td>
                    <i
                      class="fa fa-bars"
                      style="cursor: ns-resize;"
                    />
                     
                    17
                  </td>
                  <td>
                    task-input-data.application.property.address
                  </td>
                  <td>
                    <div
                      class="checkbox"
                      style="margin: 0px;"
                    >
                      <label
                        title=""
                      >
                        <input
                          checked=""
                          type="checkbox"
                        />
                      </label>
                    </div>
                  </td>
                  <td>
                    <input
                      class="form-control"
                      type="text"
                      value=""
                    />
                  </td>
                </tr>
                <tr>
                  <td>
                    <i
                      class="fa fa-bars"
                      style="cursor: ns-resize;"
                    />
                     
                    18
                  </td>
                  <td>
                    task-subject
                  </td>
                  <td>
                    <div
                      class="checkbox"
                      style="margin: 0px;"
                    >
                      <label
                        title=""
                      >
                        <input
                          checked=""
                          type="checkbox"
                        />
                      </label>
                    </div>
                  </td>
                  <td>
                    <input
                      class="form-control"
                      type="text"
                      value=""
                    />
                  </td>
                </tr>
                <tr>
                  <td>
                    <i
                      class="fa fa-bars"
                      style="cursor: ns-resize;"
                    />
                     
                    19
                  </td>
                  <td>
                    containerId
                  </td>
                  <td>
                    <div
                      class="checkbox"
                      style="margin: 0px;"
                    >
                      <label
                        title=""
                      >
                        <input
                          checked=""
                          type="checkbox"
                        />
                      </label>
                    </div>
                  </td>
                  <td>
                    <input
                      class="form-control"
                      type="text"
                      value=""
                    />
                  </td>
                </tr>
                <tr>
                  <td>
                    <i
                      class="fa fa-bars"
                      style="cursor: ns-resize;"
                    />
                     
                    20
                  </td>
                  <td>
                    task-container-id
                  </td>
                  <td>
                    <div
                      class="checkbox"
                      style="margin: 0px;"
                    >
                      <label
                        title=""
                      >
                        <input
                          checked=""
                          type="checkbox"
                        />
                      </label>
                    </div>
                  </td>
                  <td>
                    <input
                      class="form-control"
                      type="text"
                      value=""
                    />
                  </td>
                </tr>
                <tr>
                  <td>
                    <i
                      class="fa fa-bars"
                      style="cursor: ns-resize;"
                    />
                     
                    21
                  </td>
                  <td>
                    processDefinitionId
                  </td>
                  <td>
                    <div
                      class="checkbox"
                      style="margin: 0px;"
                    >
                      <label
                        title=""
                      >
                        <input
                          checked=""
                          type="checkbox"
                        />
                      </label>
                    </div>
                  </td>
                  <td>
                    <input
                      class="form-control"
                      type="text"
                      value=""
                    />
                  </td>
                </tr>
                <tr>
                  <td>
                    <i
                      class="fa fa-bars"
                      style="cursor: ns-resize;"
                    />
                     
                    22
                  </td>
                  <td>
                    task-input-data.application.applicant.ssn
                  </td>
                  <td>
                    <div
                      class="checkbox"
                      style="margin: 0px;"
                    >
                      <label
                        title=""
                      >
                        <input
                          checked=""
                          type="checkbox"
                        />
                      </label>
                    </div>
                  </td>
                  <td>
                    <input
                      class="form-control"
                      type="text"
                      value=""
                    />
                  </td>
                </tr>
                <tr>
                  <td>
                    <i
                      class="fa fa-bars"
                      style="cursor: ns-resize;"
                    />
                     
                    23
                  </td>
                  <td>
                    task-description
                  </td>
                  <td>
                    <div
                      class="checkbox"
                      style="margin: 0px;"
                    >
                      <label
                        title=""
                      >
                        <input
                          checked=""
                          type="checkbox"
                        />
                      </label>
                    </div>
                  </td>
                  <td>
                    <input
                      class="form-control"
                      type="text"
                      value=""
                    />
                  </td>
                </tr>
                <tr>
                  <td>
                    <i
                      class="fa fa-bars"
                      style="cursor: ns-resize;"
                    />
                     
                    24
                  </td>
                  <td>
                    task-input-data.Skippable
                  </td>
                  <td>
                    <div
                      class="checkbox"
                      style="margin: 0px;"
                    >
                      <label
                        title=""
                      >
                        <input
                          checked=""
                          type="checkbox"
                        />
                      </label>
                    </div>
                  </td>
                  <td>
                    <input
                      class="form-control"
                      type="text"
                      value=""
                    />
                  </td>
                </tr>
                <tr>
                  <td>
                    <i
                      class="fa fa-bars"
                      style="cursor: ns-resize;"
                    />
                     
                    25
                  </td>
                  <td>
                    task-workitem-id
                  </td>
                  <td>
                    <div
                      class="checkbox"
                      style="margin: 0px;"
                    >
                      <label
                        title=""
                      >
                        <input
                          checked=""
                          type="checkbox"
                        />
                      </label>
                    </div>
                  </td>
                  <td>
                    <input
                      class="form-control"
                      type="text"
                      value=""
                    />
                  </td>
                </tr>
                <tr>
                  <td>
                    <i
                      class="fa fa-bars"
                      style="cursor: ns-resize;"
                    />
                     
                    26
                  </td>
                  <td>
                    task-expiration-time
                  </td>
                  <td>
                    <div
                      class="checkbox"
                      style="margin: 0px;"
                    >
                      <label
                        title=""
                      >
                        <input
                          checked=""
                          type="checkbox"
                        />
                      </label>
                    </div>
                  </td>
                  <td>
                    <input
                      class="form-control"
                      type="text"
                      value=""
                    />
                  </td>
                </tr>
                <tr>
                  <td>
                    <i
                      class="fa fa-bars"
                      style="cursor: ns-resize;"
                    />
                     
                    27
                  </td>
                  <td>
                    task-input-data.application.property.age
                  </td>
                  <td>
                    <div
                      class="checkbox"
                      style="margin: 0px;"
                    >
                      <label
                        title=""
                      >
                        <input
                          checked=""
                          type="checkbox"
                        />
                      </label>
                    </div>
                  </td>
                  <td>
                    <input
                      class="form-control"
                      type="text"
                      value=""
                    />
                  </td>
                </tr>
                <tr>
                  <td>
                    <i
                      class="fa fa-bars"
                      style="cursor: ns-resize;"
                    />
                     
                    28
                  </td>
                  <td>
                    task-status
                  </td>
                  <td>
                    <div
                      class="checkbox"
                      style="margin: 0px;"
                    >
                      <label
                        title=""
                      >
                        <input
                          checked=""
                          type="checkbox"
                        />
                      </label>
                    </div>
                  </td>
                  <td>
                    <input
                      class="form-control"
                      type="text"
                      value=""
                    />
                  </td>
                </tr>
                <tr>
                  <td>
                    <i
                      class="fa fa-bars"
                      style="cursor: ns-resize;"
                    />
                     
                    29
                  </td>
                  <td>
                    task-input-data.application.mortgageamount
                  </td>
                  <td>
                    <div
                      class="checkbox"
                      style="margin: 0px;"
                    >
                      <label
                        title=""
                      >
                        <input
                          checked=""
                          type="checkbox"
                        />
                      </label>
                    </div>
                  </td>
                  <td>
                    <input
                      class="form-control"
                      type="text"
                      value=""
                    />
                  </td>
                </tr>
                <tr>
                  <td>
                    <i
                      class="fa fa-bars"
                      style="cursor: ns-resize;"
                    />
                     
                    30
                  </td>
                  <td>
                    task-process-instance-id
                  </td>
                  <td>
                    <div
                      class="checkbox"
                      style="margin: 0px;"
                    >
                      <label
                        title=""
                      >
                        <input
                          checked=""
                          type="checkbox"
                        />
                      </label>
                    </div>
                  </td>
                  <td>
                    <input
                      class="form-control"
                      type="text"
                      value=""
                    />
                  </td>
                </tr>
                <tr>
                  <td>
                    <i
                      class="fa fa-bars"
                      style="cursor: ns-resize;"
                    />
                     
                    31
                  </td>
                  <td>
                    task-input-data.ActorId
                  </td>
                  <td>
                    <div
                      class="checkbox"
                      style="margin: 0px;"
                    >
                      <label
                        title=""
                      >
                        <input
                          checked=""
                          type="checkbox"
                        />
                      </label>
                    </div>
                  </td>
                  <td>
                    <input
                      class="form-control"
                      type="text"
                      value=""
                    />
                  </td>
                </tr>
                <tr>
                  <td>
                    <i
                      class="fa fa-bars"
                      style="cursor: ns-resize;"
                    />
                     
                    32
                  </td>
                  <td>
                    task-process-id
                  </td>
                  <td>
                    <div
                      class="checkbox"
                      style="margin: 0px;"
                    >
                      <label
                        title=""
                      >
                        <input
                          checked=""
                          type="checkbox"
                        />
                      </label>
                    </div>
                  </td>
                  <td>
                    <input
                      class="form-control"
                      type="text"
                      value=""
                    />
                  </td>
                </tr>
                <tr>
                  <td>
                    <i
                      class="fa fa-bars"
                      style="cursor: ns-resize;"
                    />
                     
                    33
                  </td>
                  <td>
                    task-input-data.application.property.locale
                  </td>
                  <td>
                    <div
                      class="checkbox"
                      style="margin: 0px;"
                    >
                      <label
                        title=""
                      >
                        <input
                          checked=""
                          type="checkbox"
                        />
                      </label>
                    </div>
                  </td>
                  <td>
                    <input
                      class="form-control"
                      type="text"
                      value=""
                    />
                  </td>
                </tr>
                <tr>
                  <td>
                    <i
                      class="fa fa-bars"
                      style="cursor: ns-resize;"
                    />
                     
                    34
                  </td>
                  <td>
                    task-input-data.application.amortization
                  </td>
                  <td>
                    <div
                      class="checkbox"
                      style="margin: 0px;"
                    >
                      <label
                        title=""
                      >
                        <input
                          checked=""
                          type="checkbox"
                        />
                      </label>
                    </div>
                  </td>
                  <td>
                    <input
                      class="form-control"
                      type="text"
                      value=""
                    />
                  </td>
                </tr>
                <tr>
                  <td>
                    <i
                      class="fa fa-bars"
                      style="cursor: ns-resize;"
                    />
                     
                    35
                  </td>
                  <td>
                    task-input-data.application.applicant.creditrating
                  </td>
                  <td>
                    <div
                      class="checkbox"
                      style="margin: 0px;"
                    >
                      <label
                        title=""
                      >
                        <input
                          checked=""
                          type="checkbox"
                        />
                      </label>
                    </div>
                  </td>
                  <td>
                    <input
                      class="form-control"
                      type="text"
                      value=""
                    />
                  </td>
                </tr>
                <tr>
                  <td>
                    <i
                      class="fa fa-bars"
                      style="cursor: ns-resize;"
                    />
                     
                    36
                  </td>
                  <td>
                    application
                  </td>
                  <td>
                    <div
                      class="checkbox"
                      style="margin: 0px;"
                    >
                      <label
                        title=""
                      >
                        <input
                          checked=""
                          type="checkbox"
                        />
                      </label>
                    </div>
                  </td>
                  <td>
                    <input
                      class="form-control"
                      type="text"
                      value=""
                    />
                  </td>
                </tr>
                <tr>
                  <td>
                    <i
                      class="fa fa-bars"
                      style="cursor: ns-resize;"
                    />
                     
                    37
                  </td>
                  <td>
                    task-input-data.NodeName
                  </td>
                  <td>
                    <div
                      class="checkbox"
                      style="margin: 0px;"
                    >
                      <label
                        title=""
                      >
                        <input
                          checked=""
                          type="checkbox"
                        />
                      </label>
                    </div>
                  </td>
                  <td>
                    <input
                      class="form-control"
                      type="text"
                      value=""
                    />
                  </td>
                </tr>
                <tr>
                  <td>
                    <i
                      class="fa fa-bars"
                      style="cursor: ns-resize;"
                    />
                     
                    38
                  </td>
                  <td>
                    task-proc-inst-id
                  </td>
                  <td>
                    <div
                      class="checkbox"
                      style="margin: 0px;"
                    >
                      <label
                        title=""
                      >
                        <input
                          checked=""
                          type="checkbox"
                        />
                      </label>
                    </div>
                  </td>
                  <td>
                    <input
                      class="form-control"
                      type="text"
                      value=""
                    />
                  </td>
                </tr>
                <tr>
                  <td>
                    <i
                      class="fa fa-bars"
                      style="cursor: ns-resize;"
                    />
                     
                    39
                  </td>
                  <td>
                    task-input-data.application.downpayment
                  </td>
                  <td>
                    <div
                      class="checkbox"
                      style="margin: 0px;"
                    >
                      <label
                        title=""
                      >
                        <input
                          checked=""
                          type="checkbox"
                        />
                      </label>
                    </div>
                  </td>
                  <td>
                    <input
                      class="form-control"
                      type="text"
                      value=""
                    />
                  </td>
                </tr>
                <tr>
                  <td>
                    <i
                      class="fa fa-bars"
                      style="cursor: ns-resize;"
                    />
                     
                    40
                  </td>
                  <td>
                    task-input-data.application.applicant.annualincome
                  </td>
                  <td>
                    <div
                      class="checkbox"
                      style="margin: 0px;"
                    >
                      <label
                        title=""
                      >
                        <input
                          checked=""
                          type="checkbox"
                        />
                      </label>
                    </div>
                  </td>
                  <td>
                    <input
                      class="form-control"
                      type="text"
                      value=""
                    />
                  </td>
                </tr>
                <tr>
                  <td>
                    <i
                      class="fa fa-bars"
                      style="cursor: ns-resize;"
                    />
                     
                    41
                  </td>
                  <td>
                    task-id
                  </td>
                  <td>
                    <div
                      class="checkbox"
                      style="margin: 0px;"
                    >
                      <label
                        title=""
                      >
                        <input
                          checked=""
                          type="checkbox"
                        />
                      </label>
                    </div>
                  </td>
                  <td>
                    <input
                      class="form-control"
                      type="text"
                      value=""
                    />
                  </td>
                </tr>
              </tbody>
            </table>
          </div>
        </div>
        <div
          class="row"
        >
          <div
            class="text-right col-xs-12"
          >
            <button
              class="btn btn-primary"
              type="button"
            >
              Save
            </button>
          </div>
        </div>
      </section>
    </form>
  </div>
</div>
`;
