// Jest Snapshot v1, https://goo.gl/fbAQLP

exports[`<GeneralInformationSkeleton /> renders snapshot correctly 1`] = `
<div>
  <div>
    <span
      class="MuiSkeleton-root MuiSkeleton-rect MuiSkeleton-pulse"
      style="width: 190px; height: 25px;"
    />
    <hr
      class="MuiDivider-root GeneralInformationSkeleton-divider-1"
    />
  </div>
  <div>
    <div
      class="GeneralInformationSkeleton-dataRow-2"
    >
      <span
        class="MuiSkeleton-root MuiSkeleton-rect MuiSkeleton-pulse"
        style="width: 100px; height: 15px;"
      />
      <span
        class="MuiSkeleton-root MuiSkeleton-rect GeneralInformationSkeleton-value-3 MuiSkeleton-pulse"
        style="width: 100px; height: 15px;"
      />
    </div>
    <div
      class="GeneralInformationSkeleton-dataRow-2"
    >
      <span
        class="MuiSkeleton-root MuiSkeleton-rect MuiSkeleton-pulse"
        style="width: 150px; height: 15px;"
      />
      <span
        class="MuiSkeleton-root MuiSkeleton-rect GeneralInformationSkeleton-value-3 MuiSkeleton-pulse"
        style="width: 190px; height: 15px;"
      />
    </div>
    <div
      class="GeneralInformationSkeleton-dataRow-2"
    >
      <span
        class="MuiSkeleton-root MuiSkeleton-rect MuiSkeleton-pulse"
        style="width: 80px; height: 15px;"
      />
      <span
        class="MuiSkeleton-root MuiSkeleton-rect GeneralInformationSkeleton-value-3 MuiSkeleton-pulse"
        style="width: 190px; height: 15px;"
      />
    </div>
    <div
      class="GeneralInformationSkeleton-dataRow-2"
    >
      <span
        class="MuiSkeleton-root MuiSkeleton-rect MuiSkeleton-pulse"
        style="width: 100px; height: 15px;"
      />
      <span
        class="MuiSkeleton-root MuiSkeleton-rect GeneralInformationSkeleton-value-3 MuiSkeleton-pulse"
        style="width: 100px; height: 15px;"
      />
    </div>
    <div
      class="GeneralInformationSkeleton-dataRow-2"
    >
      <span
        class="MuiSkeleton-root MuiSkeleton-rect MuiSkeleton-pulse"
        style="width: 150px; height: 15px;"
      />
      <span
        class="MuiSkeleton-root MuiSkeleton-rect GeneralInformationSkeleton-value-3 MuiSkeleton-pulse"
        style="width: 190px; height: 15px;"
      />
    </div>
    <div
      class="GeneralInformationSkeleton-dataRow-2"
    >
      <span
        class="MuiSkeleton-root MuiSkeleton-rect MuiSkeleton-pulse"
        style="width: 80px; height: 15px;"
      />
      <span
        class="MuiSkeleton-root MuiSkeleton-rect GeneralInformationSkeleton-value-3 MuiSkeleton-pulse"
        style="width: 190px; height: 15px;"
      />
    </div>
    <div
      class="GeneralInformationSkeleton-dataRow-2"
    >
      <span
        class="MuiSkeleton-root MuiSkeleton-rect MuiSkeleton-pulse"
        style="width: 100px; height: 15px;"
      />
      <span
        class="MuiSkeleton-root MuiSkeleton-rect GeneralInformationSkeleton-value-3 MuiSkeleton-pulse"
        style="width: 100px; height: 15px;"
      />
    </div>
    <div
      class="GeneralInformationSkeleton-dataRow-2"
    >
      <span
        class="MuiSkeleton-root MuiSkeleton-rect MuiSkeleton-pulse"
        style="width: 150px; height: 15px;"
      />
      <span
        class="MuiSkeleton-root MuiSkeleton-rect GeneralInformationSkeleton-value-3 MuiSkeleton-pulse"
        style="width: 190px; height: 15px;"
      />
    </div>
    <div
      class="GeneralInformationSkeleton-dataRow-2"
    >
      <span
        class="MuiSkeleton-root MuiSkeleton-rect MuiSkeleton-pulse"
        style="width: 80px; height: 15px;"
      />
      <span
        class="MuiSkeleton-root MuiSkeleton-rect GeneralInformationSkeleton-value-3 MuiSkeleton-pulse"
        style="width: 190px; height: 15px;"
      />
    </div>
  </div>
</div>
`;
