// Jest Snapshot v1, https://goo.gl/fbAQLP

exports[`<TaskDetailsContainer /> renders snapshot correctly 1`] = `
<div>
  <div
    class="MuiContainer-root MuiContainer-disableGutters MuiContainer-maxWidthLg"
  >
    <div
      class="MuiBox-root MuiBox-root-10"
    >
      <div
        class="MuiPaper-root WidgetBox-widgetBox-11 MuiPaper-outlined"
      >
        <div
          class="MuiBox-root MuiBox-root-40"
        />
      </div>
    </div>
    <div
      class="MuiPaper-root WidgetBox-widgetBox-11 MuiPaper-outlined"
    >
      <div
        class="MuiBox-root MuiBox-root-163"
      >
        <h3
          class="MuiTypography-root MuiTypography-h3"
        >
          taskDetails.generalInformation.title
        </h3>
        <div>
          <button
            class="MuiButtonBase-root MuiIconButton-root"
            tabindex="0"
            type="button"
          >
            <span
              class="MuiIconButton-label"
            >
              <svg
                aria-hidden="true"
                class="MuiSvgIcon-root"
                focusable="false"
                role="presentation"
                viewBox="0 0 24 24"
              >
                <path
                  d="M12 8l-6 6 1.41 1.41L12 10.83l4.59 4.58L18 14z"
                />
              </svg>
            </span>
            <span
              class="MuiTouchRipple-root"
            />
          </button>
        </div>
      </div>
      <hr
        class="MuiDivider-root"
      />
      <div
        class="MuiBox-root MuiBox-root-153"
      >
        taskDetails.generalInformation.noInformation
      </div>
    </div>
  </div>
</div>
`;
