// Jest Snapshot v1, https://goo.gl/fbAQLP

exports[`<TaskDetailsContainer /> renders snapshot correctly 1`] = `
<div>
  <div
    class="MuiContainer-root MuiContainer-disableGutters MuiContainer-maxWidthLg"
  >
    <div
      class="MuiBox-root MuiBox-root-32"
    >
      <div
        class="MuiPaper-root WidgetBox-widgetBox-33 MuiPaper-outlined"
      />
    </div>
    <div
      class="MuiPaper-root WidgetBox-widgetBox-33 MuiPaper-outlined"
    >
      <div
        class="MuiBox-root MuiBox-root-63"
      >
        <h3
          class="MuiTypography-root MuiTypography-h3"
        >
          taskDetails.generalInformation.title
        </h3>
        <div>
          <button
            class="MuiButtonBase-root MuiIconButton-root"
            tabindex="0"
            type="button"
          >
            <span
              class="MuiIconButton-label"
            >
              <svg
                aria-hidden="true"
                class="MuiSvgIcon-root"
                focusable="false"
                role="presentation"
                viewBox="0 0 24 24"
              >
                <path
                  d="M16.59 8.59L12 13.17 7.41 8.59 6 10l6 6 6-6z"
                />
              </svg>
            </span>
            <span
              class="MuiTouchRipple-root"
            />
          </button>
        </div>
      </div>
      <hr
        class="MuiDivider-root"
      />
    </div>
  </div>
</div>
`;
