// Jest Snapshot v1, https://goo.gl/fbAQLP

exports[`<ProcessFormContainer /> renders snapshot correctly 1`] = `
<div>
  <div
    class="MuiContainer-root MuiContainer-disableGutters MuiContainer-maxWidthLg"
  >
    <div
      class="MuiPaper-root WidgetBox-widgetBox-9 MuiPaper-outlined"
    >
      <div
        class="MuiBox-root MuiBox-root-39"
      >
        <div>
          <form
            class="JSONForm-themedForm-42"
          >
            <div
              class="makeStyles-container-64"
            >
              <div>
                <div>
                  
                  <hr
                    class="MuiDivider-root-74 makeStyles-divider-70"
                  />
                  
                  <div
                    class="MuiGrid-root-80 makeStyles-gridContainer-69 MuiGrid-container-81 MuiGrid-spacing-xs-3-105"
                  >
                    <div
                      class="MuiGrid-root-80 makeStyles-gridItem-72 makeStyles-gridItem-73 MuiGrid-item-82 MuiGrid-grid-xs-12-126"
                    >
                      <div
                        class="makeStyles-container-64"
                      >
                        <div>
                          <div>
                            evaluation-taskform.frm
                            <hr
                              class="MuiDivider-root-74 makeStyles-divider-70"
                            />
                            
                            <div
                              class="MuiGrid-root-80 makeStyles-gridContainer-69 MuiGrid-container-81 MuiGrid-spacing-xs-3-105"
                            >
                              <div
                                class="MuiGrid-root-80 makeStyles-gridItem-72 makeStyles-gridItem-183 MuiGrid-item-82 MuiGrid-grid-xs-12-126"
                              >
                                <div
                                  class="makeStyles-container-64"
                                >
                                  <label
                                    class="makeStyles-label-65"
                                    for="root_d1e6dd47-b24c-4f93-ba25-337832926124_employee"
                                  >
                                    Employee
                                     *
                                  </label>
                                  <div>
                                    <div
                                      class="MuiFormControl-root-184 MuiFormControl-fullWidth-187"
                                    >
                                      <div
                                        class="MuiFormControl-root-184 MuiTextField-root-188"
                                      >
                                        <label
                                          class="MuiFormLabel-root-201 MuiInputLabel-root-189 MuiInputLabel-formControl-195 MuiInputLabel-animated-198 MuiInputLabel-shrink-197 MuiInputLabel-outlined-200 Mui-focused Mui-focused Mui-required Mui-required"
                                          data-shrink="true"
                                          for="root_d1e6dd47-b24c-4f93-ba25-337832926124_employee"
                                          id="root_d1e6dd47-b24c-4f93-ba25-337832926124_employee-label"
                                        >
                                          Employee
                                          <span
                                            class="MuiFormLabel-asterisk-208 MuiInputLabel-asterisk-194"
                                          >
                                             
                                            *
                                          </span>
                                        </label>
                                        <div
                                          class="MuiInputBase-root-224 MuiOutlinedInput-root-209 Mui-focused Mui-focused MuiInputBase-formControl-225"
                                        >
                                          <input
                                            aria-invalid="false"
                                            class="MuiInputBase-input-235 MuiOutlinedInput-input-219 MuiInputBase-inputHiddenLabel-243"
                                            id="root_d1e6dd47-b24c-4f93-ba25-337832926124_employee"
                                            required=""
                                            type="string"
                                            value=""
                                          />
                                          <fieldset
                                            aria-hidden="true"
                                            class="PrivateNotchedOutline-root-244 MuiOutlinedInput-notchedOutline-218"
                                            style="padding-left: 8px;"
                                          >
                                            <legend
                                              class="PrivateNotchedOutline-legend-245"
                                              style="width: 0.01px;"
                                            >
                                              <span>
                                                ​
                                              </span>
                                            </legend>
                                          </fieldset>
                                        </div>
                                      </div>
                                    </div>
                                  </div>
                                </div>
                              </div>
                              <div
                                class="MuiGrid-root-80 makeStyles-gridItem-72 makeStyles-gridItem-183 MuiGrid-item-82 MuiGrid-grid-xs-12-126"
                              >
                                <div
                                  class="makeStyles-container-64"
                                >
                                  <label
                                    class="makeStyles-label-65"
                                    for="root_d1e6dd47-b24c-4f93-ba25-337832926124_reason"
                                  >
                                    Reason
                                     *
                                  </label>
                                  <div>
                                    <div
                                      class="MuiFormControl-root-184 MuiFormControl-fullWidth-187"
                                    >
                                      <div
                                        class="MuiFormControl-root-184 MuiTextField-root-188"
                                      >
                                        <label
                                          class="MuiFormLabel-root-201 MuiInputLabel-root-189 MuiInputLabel-formControl-195 MuiInputLabel-animated-198 MuiInputLabel-shrink-197 MuiInputLabel-outlined-200 Mui-required Mui-required"
                                          data-shrink="true"
                                          for="root_d1e6dd47-b24c-4f93-ba25-337832926124_reason"
                                          id="root_d1e6dd47-b24c-4f93-ba25-337832926124_reason-label"
                                        >
                                          Reason
                                          <span
                                            class="MuiFormLabel-asterisk-208 MuiInputLabel-asterisk-194"
                                          >
                                             
                                            *
                                          </span>
                                        </label>
                                        <div
                                          class="MuiInputBase-root-224 MuiOutlinedInput-root-209 MuiInputBase-formControl-225 MuiInputBase-multiline-232 MuiOutlinedInput-multiline-217"
                                        >
                                          <textarea
                                            aria-invalid="false"
                                            class="MuiInputBase-input-235 MuiOutlinedInput-input-219 MuiInputBase-inputMultiline-239 MuiOutlinedInput-inputMultiline-221 MuiInputBase-inputHiddenLabel-243"
                                            id="root_d1e6dd47-b24c-4f93-ba25-337832926124_reason"
                                            placeholder=""
                                            required=""
                                            rows="5"
                                          />
                                          <fieldset
                                            aria-hidden="true"
                                            class="PrivateNotchedOutline-root-244 MuiOutlinedInput-notchedOutline-218"
                                            style="padding-left: 8px;"
                                          >
                                            <legend
                                              class="PrivateNotchedOutline-legend-245"
                                              style="width: 0.01px;"
                                            >
                                              <span>
                                                ​
                                              </span>
                                            </legend>
                                          </fieldset>
                                        </div>
                                      </div>
                                    </div>
                                  </div>
                                </div>
                              </div>
                              <div
                                class="MuiGrid-root-80 makeStyles-gridItem-72 makeStyles-gridItem-183 MuiGrid-item-82 MuiGrid-grid-xs-12-126"
                              >
                                <div
                                  class="makeStyles-container-64"
                                >
                                  <label
                                    class="makeStyles-label-65"
                                    for="root_d1e6dd47-b24c-4f93-ba25-337832926124_list"
                                  >
                                    List
                                     *
                                  </label>
                                  <div>
                                    <div
                                      class="MuiFormControl-root-184 MuiFormControl-fullWidth-187"
                                    >
                                      <div
                                        class="MuiFormControl-root-184 MuiTextField-root-188"
                                      >
                                        <label
                                          class="MuiFormLabel-root-201 MuiInputLabel-root-189 MuiInputLabel-formControl-195 MuiInputLabel-animated-198 MuiInputLabel-shrink-197 MuiInputLabel-outlined-200 Mui-required Mui-required"
                                          data-shrink="true"
                                          for="root_d1e6dd47-b24c-4f93-ba25-337832926124_list"
                                          id="root_d1e6dd47-b24c-4f93-ba25-337832926124_list-label"
                                        >
                                          List
                                          <span
                                            class="MuiFormLabel-asterisk-208 MuiInputLabel-asterisk-194"
                                          >
                                             
                                            *
                                          </span>
                                        </label>
                                        <div
                                          class="MuiInputBase-root-224 MuiOutlinedInput-root-209 MuiInputBase-formControl-225"
                                        >
                                          <input
                                            aria-invalid="false"
                                            class="MuiInputBase-input-235 MuiOutlinedInput-input-219 MuiInputBase-inputHiddenLabel-243"
                                            id="root_d1e6dd47-b24c-4f93-ba25-337832926124_list"
                                            required=""
                                            type="string"
                                            value=""
                                          />
                                          <fieldset
                                            aria-hidden="true"
                                            class="PrivateNotchedOutline-root-244 MuiOutlinedInput-notchedOutline-218"
                                            style="padding-left: 8px;"
                                          >
                                            <legend
                                              class="PrivateNotchedOutline-legend-245"
                                              style="width: 0.01px;"
                                            >
                                              <span>
                                                ​
                                              </span>
                                            </legend>
                                          </fieldset>
                                        </div>
                                      </div>
                                    </div>
                                  </div>
                                </div>
                              </div>
                              <div
                                class="MuiGrid-root-80 makeStyles-gridItem-72 makeStyles-gridItem-183 MuiGrid-item-82 MuiGrid-grid-xs-12-126"
                              >
                                <div
                                  class="makeStyles-container-64"
                                >
                                  <div>
                                    <div
                                      class="MuiFormControl-root-184 MuiFormControl-fullWidth-187"
                                    >
                                      <label
                                        class="MuiFormControlLabel-root-246"
                                      >
                                        <span
                                          aria-disabled="false"
                                          class="MuiButtonBase-root-271 MuiIconButton-root-262 PrivateSwitchBase-root-258 MuiCheckbox-root-252 MuiCheckbox-colorSecondary-257 MuiIconButton-colorSecondary-267"
                                        >
                                          <span
                                            class="MuiIconButton-label-270"
                                          >
                                            <input
                                              class="PrivateSwitchBase-input-261"
                                              data-indeterminate="false"
                                              id="root_d1e6dd47-b24c-4f93-ba25-337832926124_checkBox"
                                              type="checkbox"
                                              value=""
                                            />
                                            <svg
                                              aria-hidden="true"
                                              class="MuiSvgIcon-root-274"
                                              focusable="false"
                                              role="presentation"
                                              viewBox="0 0 24 24"
                                            >
                                              <path
                                                d="M19 5v14H5V5h14m0-2H5c-1.1 0-2 .9-2 2v14c0 1.1.9 2 2 2h14c1.1 0 2-.9 2-2V5c0-1.1-.9-2-2-2z"
                                              />
                                            </svg>
                                          </span>
                                          <span
                                            class="MuiTouchRipple-root-342"
                                          />
                                        </span>
                                        <span
                                          class="MuiTypography-root-283 MuiFormControlLabel-label-251 MuiTypography-body1-285"
                                        >
                                          Agree
                                        </span>
                                      </label>
                                    </div>
                                  </div>
                                </div>
                              </div>
                            </div>
                          </div>
                        </div>
                      </div>
                    </div>
                  </div>
                </div>
              </div>
            </div>
            <div
              class="JSONForm-actionButtons-40"
            >
              <button
                class="MuiButtonBase-root-271 MuiButton-root-313 MuiButton-contained-321 MuiButton-containedPrimary-322"
                tabindex="0"
                type="submit"
              >
                <span
                  class="MuiButton-label-314"
                >
                  common.submit
                </span>
                <span
                  class="MuiTouchRipple-root-342"
                />
              </button>
            </div>
          </form>
        </div>
      </div>
    </div>
  </div>
  
</div>
`;

exports[`<ProcessFormContainer /> renders snapshot correctly on error state 1`] = `
<div>
  <div
    class="MuiContainer-root MuiContainer-disableGutters MuiContainer-maxWidthLg"
  >
    <div
      class="MuiPaper-root WidgetBox-widgetBox-360 MuiPaper-outlined"
    >
      <div
        class="MuiBox-root MuiBox-root-390"
      >
        messages.warnings.noFormSchema
      </div>
    </div>
  </div>
  <div
    class="MuiSnackbar-root MuiSnackbar-anchorOriginBottomCenter"
  >
    <div
      class="MuiPaper-root MuiSnackbarContent-root ErrorNotification-error-397 MuiPaper-elevation6"
      direction="up"
      role="alert"
      style="opacity: 1; transform: scale(1, 1); transition: opacity 225ms cubic-bezier(0.4, 0, 0.2, 1) 0ms,transform 150ms cubic-bezier(0.4, 0, 0.2, 1) 0ms;"
    >
      <div
        class="MuiSnackbarContent-message"
      >
        <span
          class="ErrorNotification-message-394"
        >
          <svg
            aria-hidden="true"
            class="MuiSvgIcon-root ErrorNotification-icon-395 ErrorNotification-iconVariant-396"
            focusable="false"
            role="presentation"
            viewBox="0 0 24 24"
          >
            <path
              d="M12 2C6.48 2 2 6.48 2 12s4.48 10 10 10 10-4.48 10-10S17.52 2 12 2zm1 15h-2v-2h2v2zm0-4h-2V7h2v6z"
            />
          </svg>
          invalid json response body at undefined reason: Unexpected end of JSON input
        </span>
      </div>
      <div
        class="MuiSnackbarContent-action"
      >
        <button
          aria-label="close"
          class="MuiButtonBase-root MuiIconButton-root MuiIconButton-colorInherit"
          tabindex="0"
          type="button"
        >
          <span
            class="MuiIconButton-label"
          >
            <svg
              aria-hidden="true"
              class="MuiSvgIcon-root ErrorNotification-icon-395"
              focusable="false"
              role="presentation"
              viewBox="0 0 24 24"
            >
              <path
                d="M19 6.41L17.59 5 12 10.59 6.41 5 5 6.41 10.59 12 5 17.59 6.41 19 12 13.41 17.59 19 19 17.59 13.41 12z"
              />
            </svg>
          </span>
          <span
            class="MuiTouchRipple-root"
          />
        </button>
      </div>
    </div>
  </div>
</div>
`;
