// Jest Snapshot v1, https://goo.gl/fbAQLP

exports[`<ProcessFormContainer /> renders snapshot correctly 1`] = `
<div>
  <div
    class="MuiContainer-root MuiContainer-disableGutters MuiContainer-maxWidthLg"
  >
    <div
      class="MuiPaper-root WidgetBox-widgetBox-9 MuiPaper-outlined"
    >
      <div
        class="MuiBox-root MuiBox-root-39"
      >
        <div>
          <form
            class="JSONForm-themedForm-42"
          >
            <div
              class="makeStyles-container-67"
            >
              <div>
                <div>
                  
                  <hr
                    class="MuiDivider-root-77 makeStyles-divider-73"
                  />
                  
                  <div
                    class="MuiGrid-root-84 makeStyles-gridContainer-72 MuiGrid-container-85 MuiGrid-spacing-xs-3-109"
                  >
                    <div
                      class="MuiGrid-root-84 makeStyles-gridItem-75 makeStyles-gridItem-76 MuiGrid-item-86 MuiGrid-grid-xs-12-130"
                    >
                      <div
                        class="makeStyles-container-67"
                      >
                        <div>
                          <div>
                            evaluation-taskform.frm
                            <hr
                              class="MuiDivider-root-77 makeStyles-divider-73"
                            />
                            
                            <div
                              class="MuiGrid-root-84 makeStyles-gridContainer-72 MuiGrid-container-85 MuiGrid-spacing-xs-3-109"
                            >
                              <div
                                class="MuiGrid-root-84 makeStyles-gridItem-75 makeStyles-gridItem-187 MuiGrid-item-86 MuiGrid-grid-xs-12-130"
                              >
                                <div
                                  class="makeStyles-container-67"
                                >
                                  <label
                                    class="makeStyles-label-68"
                                    for="root_d1e6dd47-b24c-4f93-ba25-337832926124_employee"
                                  >
                                    Employee
                                     *
                                  </label>
                                  <div>
                                    <div
                                      class="MuiFormControl-root-188 MuiFormControl-fullWidth-191"
                                    >
                                      <div
                                        class="MuiFormControl-root-188 MuiTextField-root-192"
                                      >
                                        <label
                                          class="MuiFormLabel-root-205 MuiInputLabel-root-193 MuiInputLabel-formControl-199 MuiInputLabel-animated-202 MuiInputLabel-shrink-201 MuiInputLabel-outlined-204 Mui-focused Mui-focused Mui-required Mui-required"
                                          data-shrink="true"
                                          for="root_d1e6dd47-b24c-4f93-ba25-337832926124_employee"
                                          id="root_d1e6dd47-b24c-4f93-ba25-337832926124_employee-label"
                                        >
                                          Employee
                                          <span
                                            class="MuiFormLabel-asterisk-212 MuiInputLabel-asterisk-198"
                                          >
                                             
                                            *
                                          </span>
                                        </label>
                                        <div
                                          class="MuiInputBase-root-228 MuiOutlinedInput-root-213 Mui-focused Mui-focused MuiInputBase-formControl-229"
                                        >
                                          <input
                                            aria-invalid="false"
                                            class="MuiInputBase-input-239 MuiOutlinedInput-input-223 MuiInputBase-inputHiddenLabel-245"
                                            id="root_d1e6dd47-b24c-4f93-ba25-337832926124_employee"
                                            required=""
                                            type="string"
                                            value=""
                                          />
                                          <fieldset
                                            aria-hidden="true"
                                            class="PrivateNotchedOutline-root-246 MuiOutlinedInput-notchedOutline-222"
                                          >
                                            <legend
                                              class="PrivateNotchedOutline-legendLabelled-248"
                                            >
                                              <span>
                                                Employee
                                                 *
                                              </span>
                                            </legend>
                                          </fieldset>
                                        </div>
                                      </div>
                                    </div>
                                  </div>
                                </div>
                              </div>
                              <div
                                class="MuiGrid-root-84 makeStyles-gridItem-75 makeStyles-gridItem-187 MuiGrid-item-86 MuiGrid-grid-xs-12-130"
                              >
                                <div
                                  class="makeStyles-container-67"
                                >
                                  <label
                                    class="makeStyles-label-68"
                                    for="root_d1e6dd47-b24c-4f93-ba25-337832926124_reason"
                                  >
                                    Reason
                                     *
                                  </label>
                                  <div>
                                    <div
                                      class="MuiFormControl-root-188 MuiFormControl-fullWidth-191"
                                    >
                                      <div
                                        class="MuiFormControl-root-188 MuiTextField-root-192"
                                      >
                                        <label
                                          class="MuiFormLabel-root-205 MuiInputLabel-root-193 MuiInputLabel-formControl-199 MuiInputLabel-animated-202 MuiInputLabel-shrink-201 MuiInputLabel-outlined-204 Mui-required Mui-required"
                                          data-shrink="true"
                                          for="root_d1e6dd47-b24c-4f93-ba25-337832926124_reason"
                                          id="root_d1e6dd47-b24c-4f93-ba25-337832926124_reason-label"
                                        >
                                          Reason
                                          <span
                                            class="MuiFormLabel-asterisk-212 MuiInputLabel-asterisk-198"
                                          >
                                             
                                            *
                                          </span>
                                        </label>
                                        <div
                                          class="MuiInputBase-root-228 MuiOutlinedInput-root-213 MuiInputBase-formControl-229 MuiInputBase-multiline-236 MuiOutlinedInput-multiline-221"
                                        >
                                          <textarea
                                            aria-invalid="false"
                                            class="MuiInputBase-input-239 MuiOutlinedInput-input-223 MuiInputBase-inputMultiline-241 MuiOutlinedInput-inputMultiline-225 MuiInputBase-inputHiddenLabel-245"
                                            id="root_d1e6dd47-b24c-4f93-ba25-337832926124_reason"
                                            placeholder=""
                                            required=""
                                            rows="5"
                                          />
                                          <fieldset
                                            aria-hidden="true"
                                            class="PrivateNotchedOutline-root-246 MuiOutlinedInput-notchedOutline-222"
                                          >
                                            <legend
                                              class="PrivateNotchedOutline-legendLabelled-248"
                                            >
                                              <span>
                                                Reason
                                                 *
                                              </span>
                                            </legend>
                                          </fieldset>
                                        </div>
                                      </div>
                                    </div>
                                  </div>
                                </div>
                              </div>
                              <div
                                class="MuiGrid-root-84 makeStyles-gridItem-75 makeStyles-gridItem-187 MuiGrid-item-86 MuiGrid-grid-xs-12-130"
                              >
                                <div
                                  class="makeStyles-container-67"
                                >
                                  <label
                                    class="makeStyles-label-68"
                                    for="root_d1e6dd47-b24c-4f93-ba25-337832926124_list"
                                  >
                                    List
                                     *
                                  </label>
                                  <div>
                                    <div
                                      class="MuiFormControl-root-188 MuiFormControl-fullWidth-191"
                                    >
                                      <div
                                        class="MuiFormControl-root-188 MuiTextField-root-192"
                                      >
                                        <label
                                          class="MuiFormLabel-root-205 MuiInputLabel-root-193 MuiInputLabel-formControl-199 MuiInputLabel-animated-202 MuiInputLabel-shrink-201 MuiInputLabel-outlined-204 Mui-required Mui-required"
                                          data-shrink="true"
                                          for="root_d1e6dd47-b24c-4f93-ba25-337832926124_list"
                                          id="root_d1e6dd47-b24c-4f93-ba25-337832926124_list-label"
                                        >
                                          List
                                          <span
                                            class="MuiFormLabel-asterisk-212 MuiInputLabel-asterisk-198"
                                          >
                                             
                                            *
                                          </span>
                                        </label>
                                        <div
                                          class="MuiInputBase-root-228 MuiOutlinedInput-root-213 MuiInputBase-formControl-229"
                                        >
                                          <input
                                            aria-invalid="false"
                                            class="MuiInputBase-input-239 MuiOutlinedInput-input-223 MuiInputBase-inputHiddenLabel-245"
                                            id="root_d1e6dd47-b24c-4f93-ba25-337832926124_list"
                                            required=""
                                            type="string"
                                            value=""
                                          />
                                          <fieldset
                                            aria-hidden="true"
                                            class="PrivateNotchedOutline-root-246 MuiOutlinedInput-notchedOutline-222"
                                          >
                                            <legend
                                              class="PrivateNotchedOutline-legendLabelled-248"
                                            >
                                              <span>
                                                List
                                                 *
                                              </span>
                                            </legend>
                                          </fieldset>
                                        </div>
                                      </div>
                                    </div>
                                  </div>
                                </div>
                              </div>
                              <div
                                class="MuiGrid-root-84 makeStyles-gridItem-75 makeStyles-gridItem-187 MuiGrid-item-86 MuiGrid-grid-xs-12-130"
                              >
                                <div
                                  class="makeStyles-container-67"
                                >
                                  <div>
                                    <div
                                      class="MuiFormControl-root-188 MuiFormControl-fullWidth-191"
                                    >
                                      <label
                                        class="MuiFormControlLabel-root-250"
                                      >
                                        <span
                                          aria-disabled="false"
                                          class="MuiButtonBase-root-275 MuiIconButton-root-266 PrivateSwitchBase-root-262 MuiCheckbox-root-256 MuiCheckbox-colorSecondary-261 MuiIconButton-colorSecondary-271"
                                        >
                                          <span
                                            class="MuiIconButton-label-274"
                                          >
                                            <input
                                              class="PrivateSwitchBase-input-265"
                                              data-indeterminate="false"
                                              id="root_d1e6dd47-b24c-4f93-ba25-337832926124_checkBox"
                                              type="checkbox"
                                              value=""
                                            />
                                            <svg
                                              aria-hidden="true"
                                              class="MuiSvgIcon-root-278"
                                              focusable="false"
                                              role="presentation"
                                              viewBox="0 0 24 24"
                                            >
                                              <path
                                                d="M19 5v14H5V5h14m0-2H5c-1.1 0-2 .9-2 2v14c0 1.1.9 2 2 2h14c1.1 0 2-.9 2-2V5c0-1.1-.9-2-2-2z"
                                              />
                                            </svg>
                                          </span>
                                          <span
                                            class="MuiTouchRipple-root-346"
                                          />
                                        </span>
                                        <span
                                          class="MuiTypography-root-287 MuiFormControlLabel-label-255 MuiTypography-body1-289"
                                        >
                                          Agree
                                        </span>
                                      </label>
                                    </div>
                                  </div>
                                </div>
                              </div>
                            </div>
                          </div>
                        </div>
                      </div>
                    </div>
                  </div>
                </div>
              </div>
            </div>
            <div
              class="JSONForm-actionButtons-40"
            >
              <button
                class="MuiButtonBase-root-275 MuiButton-root-317 MuiButton-contained-325 MuiButton-containedPrimary-326"
                tabindex="0"
                type="submit"
              >
                <span
                  class="MuiButton-label-318"
                >
                  common.submit
                </span>
                <span
                  class="MuiTouchRipple-root-346"
                />
              </button>
            </div>
          </form>
        </div>
      </div>
    </div>
  </div>
  
</div>
`;

exports[`<ProcessFormContainer /> renders snapshot correctly on error state 1`] = `
<div>
  <div
    class="MuiContainer-root MuiContainer-disableGutters MuiContainer-maxWidthLg"
  >
    <div
      class="MuiPaper-root WidgetBox-widgetBox-364 MuiPaper-outlined"
    >
      <div
        class="MuiBox-root MuiBox-root-394"
      >
        messages.warnings.noFormSchema
      </div>
    </div>
  </div>
  <div
    class="MuiSnackbar-root MuiSnackbar-anchorOriginBottomCenter"
  >
    <div
      class="MuiPaper-root MuiSnackbarContent-root ErrorNotification-error-401 MuiPaper-elevation6"
      direction="up"
      role="alert"
      style="opacity: 1; transform: scale(1, 1); transition: opacity 225ms cubic-bezier(0.4, 0, 0.2, 1) 0ms,transform 150ms cubic-bezier(0.4, 0, 0.2, 1) 0ms;"
    >
      <div
        class="MuiSnackbarContent-message"
      >
        <span
          class="ErrorNotification-message-398"
        >
          <svg
            aria-hidden="true"
            class="MuiSvgIcon-root ErrorNotification-icon-399 ErrorNotification-iconVariant-400"
            focusable="false"
            role="presentation"
            viewBox="0 0 24 24"
          >
            <path
              d="M12 2C6.48 2 2 6.48 2 12s4.48 10 10 10 10-4.48 10-10S17.52 2 12 2zm1 15h-2v-2h2v2zm0-4h-2V7h2v6z"
            />
          </svg>
          invalid json response body at undefined reason: Unexpected end of JSON input
        </span>
      </div>
      <div
        class="MuiSnackbarContent-action"
      >
        <button
          aria-label="close"
          class="MuiButtonBase-root MuiIconButton-root MuiIconButton-colorInherit"
          tabindex="0"
          type="button"
        >
          <span
            class="MuiIconButton-label"
          >
            <svg
              aria-hidden="true"
              class="MuiSvgIcon-root ErrorNotification-icon-399"
              focusable="false"
              role="presentation"
              viewBox="0 0 24 24"
            >
              <path
                d="M19 6.41L17.59 5 12 10.59 6.41 5 5 6.41 10.59 12 5 17.59 6.41 19 12 13.41 17.59 19 19 17.59 13.41 12z"
              />
            </svg>
          </span>
          <span
            class="MuiTouchRipple-root"
          />
        </button>
      </div>
    </div>
  </div>
</div>
`;
