// Jest Snapshot v1, https://goo.gl/fbAQLP

exports[`<ProcessFormContainer /> renders snapshot correctly 1`] = `
<div>
  <div
    class="MuiContainer-root MuiContainer-disableGutters MuiContainer-maxWidthLg"
  >
    <div
      class="MuiPaper-root WidgetBox-widgetBox-31 MuiPaper-outlined"
    >
      <div
        class="MuiBox-root MuiBox-root-61"
      >
        <div>
          <form
            class="JSONForm-themedForm-64"
          >
            <div
              class="makeStyles-container-89 makeStyles-container-94"
            >
              <div>
                <div>
                  <div
                    class="makeStyles-header-95 makeStyles-header-100"
                  >
                    
                    
                  </div>
                  <div
                    class="MuiGrid-root-102 makeStyles-gridContainer-96 MuiGrid-container-103 MuiGrid-spacing-xs-3-127"
                  >
                    <div
                      class="MuiGrid-root-102 makeStyles-gridItem-99 makeStyles-gridItem-101 MuiGrid-item-104 MuiGrid-grid-xs-12-148"
                    >
                      <div
                        class="makeStyles-container-89 makeStyles-container-205"
                      >
                        <div>
                          <div>
                            <div
                              class="makeStyles-header-95 makeStyles-header-206"
                            >
                              evaluation-taskform.frm
                              <hr
                                class="MuiDivider-root-208 makeStyles-divider-97"
                              />
                              
                            </div>
                            <div
                              class="MuiGrid-root-102 makeStyles-gridContainer-96 MuiGrid-container-103 MuiGrid-spacing-xs-3-127"
                            >
                              <div
                                class="MuiGrid-root-102 makeStyles-gridItem-99 makeStyles-gridItem-207 MuiGrid-item-104 MuiGrid-grid-xs-12-148"
                              >
                                <div
                                  class="makeStyles-container-89 makeStyles-container-215"
                                >
                                  <label
                                    class="makeStyles-label-90"
                                    for="root_d1e6dd47-b24c-4f93-ba25-337832926124_employee"
                                  >
                                    Employee
                                     *
                                  </label>
                                  <div>
                                    <div
                                      class="MuiFormControl-root-216 MuiFormControl-fullWidth-219"
                                    >
                                      <div
                                        class="MuiFormControl-root-216 MuiTextField-root-220"
                                      >
                                        <label
                                          class="MuiFormLabel-root-233 MuiInputLabel-root-221 MuiInputLabel-formControl-227 MuiInputLabel-animated-230 MuiInputLabel-shrink-229 MuiInputLabel-outlined-232 Mui-focused Mui-focused Mui-required Mui-required"
                                          data-shrink="true"
                                          for="root_d1e6dd47-b24c-4f93-ba25-337832926124_employee"
                                          id="root_d1e6dd47-b24c-4f93-ba25-337832926124_employee-label"
                                        >
                                          Employee
                                          <span
                                            class="MuiFormLabel-asterisk-240 MuiInputLabel-asterisk-226"
                                          >
                                             
                                            *
                                          </span>
                                        </label>
                                        <div
                                          class="MuiInputBase-root-256 MuiOutlinedInput-root-241 Mui-focused Mui-focused MuiInputBase-formControl-257"
                                        >
                                          <input
                                            aria-invalid="false"
                                            class="MuiInputBase-input-267 MuiOutlinedInput-input-251 MuiInputBase-inputHiddenLabel-273"
                                            id="root_d1e6dd47-b24c-4f93-ba25-337832926124_employee"
                                            required=""
                                            type="string"
                                            value=""
                                          />
                                          <fieldset
                                            aria-hidden="true"
                                            class="PrivateNotchedOutline-root-274 MuiOutlinedInput-notchedOutline-250"
                                          >
                                            <legend
                                              class="PrivateNotchedOutline-legendLabelled-276"
                                            >
                                              <span>
                                                Employee
                                                 *
                                              </span>
                                            </legend>
                                          </fieldset>
                                        </div>
                                      </div>
                                    </div>
                                  </div>
                                </div>
                              </div>
                              <div
                                class="MuiGrid-root-102 makeStyles-gridItem-99 makeStyles-gridItem-207 MuiGrid-item-104 MuiGrid-grid-xs-12-148"
                              >
                                <div
                                  class="makeStyles-container-89 makeStyles-container-278"
                                >
                                  <label
                                    class="makeStyles-label-90"
                                    for="root_d1e6dd47-b24c-4f93-ba25-337832926124_reason"
                                  >
                                    Reason
                                     *
                                  </label>
                                  <div>
                                    <div
                                      class="MuiFormControl-root-216 MuiFormControl-fullWidth-219"
                                    >
                                      <div
                                        class="MuiFormControl-root-216 MuiTextField-root-220"
                                      >
                                        <label
                                          class="MuiFormLabel-root-233 MuiInputLabel-root-221 MuiInputLabel-formControl-227 MuiInputLabel-animated-230 MuiInputLabel-shrink-229 MuiInputLabel-outlined-232 Mui-required Mui-required"
                                          data-shrink="true"
                                          for="root_d1e6dd47-b24c-4f93-ba25-337832926124_reason"
                                          id="root_d1e6dd47-b24c-4f93-ba25-337832926124_reason-label"
                                        >
                                          Reason
                                          <span
                                            class="MuiFormLabel-asterisk-240 MuiInputLabel-asterisk-226"
                                          >
                                             
                                            *
                                          </span>
                                        </label>
                                        <div
                                          class="MuiInputBase-root-256 MuiOutlinedInput-root-241 MuiInputBase-formControl-257 MuiInputBase-multiline-264 MuiOutlinedInput-multiline-249"
                                        >
                                          <textarea
                                            aria-invalid="false"
                                            class="MuiInputBase-input-267 MuiOutlinedInput-input-251 MuiInputBase-inputMultiline-269 MuiOutlinedInput-inputMultiline-253 MuiInputBase-inputHiddenLabel-273"
                                            id="root_d1e6dd47-b24c-4f93-ba25-337832926124_reason"
                                            placeholder=""
                                            required=""
                                            rows="5"
                                          />
                                          <fieldset
                                            aria-hidden="true"
                                            class="PrivateNotchedOutline-root-274 MuiOutlinedInput-notchedOutline-250"
                                          >
                                            <legend
                                              class="PrivateNotchedOutline-legendLabelled-276"
                                            >
                                              <span>
                                                Reason
                                                 *
                                              </span>
                                            </legend>
                                          </fieldset>
                                        </div>
                                      </div>
                                    </div>
                                  </div>
                                </div>
                              </div>
                              <div
                                class="MuiGrid-root-102 makeStyles-gridItem-99 makeStyles-gridItem-207 MuiGrid-item-104 MuiGrid-grid-xs-12-148"
                              >
                                <div
                                  class="makeStyles-container-89 makeStyles-container-279"
                                >
                                  <label
                                    class="makeStyles-label-90"
                                    for="root_d1e6dd47-b24c-4f93-ba25-337832926124_list"
                                  >
                                    List
                                     *
                                  </label>
                                  <div>
                                    <div
                                      class="MuiFormControl-root-216 MuiFormControl-fullWidth-219"
                                    >
                                      <div
                                        class="MuiFormControl-root-216 MuiTextField-root-220"
                                      >
                                        <label
                                          class="MuiFormLabel-root-233 MuiInputLabel-root-221 MuiInputLabel-formControl-227 MuiInputLabel-animated-230 MuiInputLabel-shrink-229 MuiInputLabel-outlined-232 Mui-required Mui-required"
                                          data-shrink="true"
                                          for="root_d1e6dd47-b24c-4f93-ba25-337832926124_list"
                                          id="root_d1e6dd47-b24c-4f93-ba25-337832926124_list-label"
                                        >
                                          List
                                          <span
                                            class="MuiFormLabel-asterisk-240 MuiInputLabel-asterisk-226"
                                          >
                                             
                                            *
                                          </span>
                                        </label>
                                        <div
                                          class="MuiInputBase-root-256 MuiOutlinedInput-root-241 MuiInputBase-formControl-257"
                                        >
                                          <input
                                            aria-invalid="false"
                                            class="MuiInputBase-input-267 MuiOutlinedInput-input-251 MuiInputBase-inputHiddenLabel-273"
                                            id="root_d1e6dd47-b24c-4f93-ba25-337832926124_list"
                                            required=""
                                            type="string"
                                            value=""
                                          />
                                          <fieldset
                                            aria-hidden="true"
                                            class="PrivateNotchedOutline-root-274 MuiOutlinedInput-notchedOutline-250"
                                          >
                                            <legend
                                              class="PrivateNotchedOutline-legendLabelled-276"
                                            >
                                              <span>
                                                List
                                                 *
                                              </span>
                                            </legend>
                                          </fieldset>
                                        </div>
                                      </div>
                                    </div>
                                  </div>
                                </div>
                              </div>
                              <div
                                class="MuiGrid-root-102 makeStyles-gridItem-99 makeStyles-gridItem-207 MuiGrid-item-104 MuiGrid-grid-xs-12-148"
                              >
                                <div
                                  class="makeStyles-container-89 makeStyles-container-280"
                                >
                                  <div>
                                    <div
                                      class="MuiFormControl-root-216 MuiFormControl-fullWidth-219"
                                    >
                                      <label
                                        class="MuiFormControlLabel-root-281"
                                      >
                                        <span
                                          aria-disabled="false"
                                          class="MuiButtonBase-root-306 MuiIconButton-root-297 PrivateSwitchBase-root-293 MuiCheckbox-root-287 MuiCheckbox-colorSecondary-292 MuiIconButton-colorSecondary-302"
                                        >
                                          <span
                                            class="MuiIconButton-label-305"
                                          >
                                            <input
                                              class="PrivateSwitchBase-input-296"
                                              data-indeterminate="false"
                                              id="root_d1e6dd47-b24c-4f93-ba25-337832926124_checkBox"
                                              type="checkbox"
                                              value=""
                                            />
                                            <svg
                                              aria-hidden="true"
                                              class="MuiSvgIcon-root-309"
                                              focusable="false"
                                              role="presentation"
                                              viewBox="0 0 24 24"
                                            >
                                              <path
                                                d="M19 5v14H5V5h14m0-2H5c-1.1 0-2 .9-2 2v14c0 1.1.9 2 2 2h14c1.1 0 2-.9 2-2V5c0-1.1-.9-2-2-2z"
                                              />
                                            </svg>
                                          </span>
                                          <span
                                            class="MuiTouchRipple-root-377"
                                          />
                                        </span>
                                        <span
                                          class="MuiTypography-root-318 MuiFormControlLabel-label-286 MuiTypography-body1-320"
                                        >
                                          Agree
                                        </span>
                                      </label>
                                    </div>
                                  </div>
                                </div>
                              </div>
                            </div>
                          </div>
                        </div>
                      </div>
                    </div>
                  </div>
                </div>
              </div>
            </div>
            <div
              class="JSONForm-actionButtons-62"
            >
              <button
                class="MuiButtonBase-root-306 MuiButton-root-348 MuiButton-contained-356 MuiButton-containedPrimary-357"
                tabindex="0"
                type="submit"
              >
                <span
                  class="MuiButton-label-349"
                >
                  common.submit
                </span>
                <span
                  class="MuiTouchRipple-root-377"
                />
              </button>
            </div>
          </form>
        </div>
      </div>
    </div>
  </div>
  
</div>
`;

exports[`<ProcessFormContainer /> renders snapshot correctly on error state 1`] = `
<div>
  <div
    class="MuiContainer-root Loader-wrapper-387 MuiContainer-disableGutters MuiContainer-maxWidthLg"
  >
    <div
      class="MuiCircularProgress-root WithStyles(ForwardRef(CircularProgress))-root-396 MuiCircularProgress-colorPrimary MuiCircularProgress-indeterminate"
      role="progressbar"
      style="width: 40px; height: 40px;"
    >
      <svg
        class="MuiCircularProgress-svg"
        viewBox="22 22 44 44"
      >
        <circle
          class="MuiCircularProgress-circle MuiCircularProgress-circleIndeterminate"
          cx="44"
          cy="44"
          fill="none"
          r="20.2"
          stroke-width="3.6"
        />
      </svg>
    </div>
  </div>
</div>
`;
