// Jest Snapshot v1, https://goo.gl/fbAQLP

exports[`<CompletionFormSkeleton /> renders snapshot correctly 1`] = `
<div>
  <div>
    <div
      class="MuiSkeleton-root MuiSkeleton-rect CompletionFormSkeleton-header-1 MuiSkeleton-animate"
      style="width: 280px; height: 18px;"
    />
    <hr
      class="MuiDivider-root CompletionFormSkeleton-divider-2"
    />
  </div>
  <div
    class="CompletionFormSkeleton-item-3"
  >
    <div
      class="MuiSkeleton-root MuiSkeleton-rect MuiSkeleton-animate"
      style="width: 80px; height: 15px;"
    />
    <hr
      class="MuiDivider-root CompletionFormSkeleton-field-4"
    />
    <div
      class="MuiSkeleton-root MuiSkeleton-rect MuiSkeleton-animate"
      style="width: 120px; height: 12px;"
    />
  </div>
  <div>
    <div
      class="MuiSkeleton-root MuiSkeleton-rect MuiSkeleton-animate"
      style="width: 80px; height: 15px;"
    />
    <hr
      class="MuiDivider-root CompletionFormSkeleton-field-4"
    />
    <div
      class="MuiSkeleton-root MuiSkeleton-rect MuiSkeleton-animate"
      style="width: 160px; height: 12px;"
    />
  </div>
  <div
    class="CompletionFormSkeleton-controls-5"
  >
    <div
      class="MuiSkeleton-root MuiSkeleton-rect MuiSkeleton-animate"
      style="width: 80px; height: 30px;"
    />
  </div>
</div>
`;
