// Jest Snapshot v1, https://goo.gl/fbAQLP

exports[`<TaskCompletionFormContainer /> renders snapshot correctly 1`] = `
<div>
  <div
    class="MuiContainer-root MuiContainer-disableGutters"
  >
    <div
      class="MuiPaper-root WidgetBox-widgetBox-31 MuiPaper-outlined"
    >
      <div
        class="MuiBox-root MuiBox-root-61"
      >
        <div>
          <form
            class="JSONForm-themedForm-64"
          >
            <div
              class=""
            >
              <div>
                <div>
                  <div
                    class="makeStyles-header-95 makeStyles-header-100"
                  >
                    
                    
                  </div>
                  <div
                    class="MuiGrid-root-102 makeStyles-gridContainer-96 MuiGrid-container-103 MuiGrid-spacing-xs-3-127"
                  >
                    <div
                      class="MuiGrid-root-102 makeStyles-gridItem-99 makeStyles-gridItem-101 MuiGrid-item-104 MuiGrid-grid-xs-6-142"
                    >
                      <div
                        class=""
                      >
                        <div>
                          <div>
                            <div
                              class="makeStyles-header-95 makeStyles-header-205"
                            >
                              PerformanceEvaluation-taskform.frm
                              <hr
                                class="MuiDivider-root-207 makeStyles-divider-97"
                              />
                              
                            </div>
                            <div
                              class="MuiGrid-root-102 makeStyles-gridContainer-96 MuiGrid-container-103 MuiGrid-spacing-xs-3-127"
                            >
                              <div
                                class="MuiGrid-root-102 makeStyles-gridItem-99 makeStyles-gridItem-206 MuiGrid-item-104 MuiGrid-grid-xs-6-142"
                              >
                                <div
                                  class=""
                                >
                                  <label
                                    class="makeStyles-label-91"
                                    for="root_47078d21-7da5-4d3f-8355-0fcd78b09f39_reason"
                                  >
                                    Reason
                                  </label>
                                  <div>
                                    <div
                                      class="MuiFormControl-root-214 MuiFormControl-fullWidth-217"
                                    >
                                      <div
                                        class="MuiFormControl-root-214 MuiTextField-root-218"
                                      >
                                        <label
                                          class="MuiFormLabel-root-231 MuiInputLabel-root-219 MuiInputLabel-formControl-225 MuiInputLabel-animated-228 MuiInputLabel-shrink-227 MuiInputLabel-outlined-230"
                                          data-shrink="true"
                                          for="root_47078d21-7da5-4d3f-8355-0fcd78b09f39_reason"
                                          id="root_47078d21-7da5-4d3f-8355-0fcd78b09f39_reason-label"
                                        >
                                          Reason
                                        </label>
                                        <div
                                          class="MuiInputBase-root-254 MuiOutlinedInput-root-239 MuiInputBase-formControl-255"
                                        >
                                          <input
                                            aria-invalid="false"
                                            class="MuiInputBase-input-265 MuiOutlinedInput-input-249 MuiInputBase-inputHiddenLabel-271"
                                            id="root_47078d21-7da5-4d3f-8355-0fcd78b09f39_reason"
                                            type="string"
                                            value=""
                                          />
                                          <fieldset
                                            aria-hidden="true"
                                            class="PrivateNotchedOutline-root-272 MuiOutlinedInput-notchedOutline-248"
                                          >
                                            <legend
                                              class="PrivateNotchedOutline-legendLabelled-274"
                                            >
                                              <span>
                                                Reason
                                              </span>
                                            </legend>
                                          </fieldset>
                                        </div>
                                      </div>
                                    </div>
                                  </div>
                                </div>
                              </div>
                              <div
                                class="MuiGrid-root-102 makeStyles-gridItem-99 makeStyles-gridItem-206 MuiGrid-item-104 MuiGrid-grid-xs-6-142"
                              >
                                <div
                                  class=""
                                >
                                  <label
                                    class="makeStyles-label-91"
                                    for="root_47078d21-7da5-4d3f-8355-0fcd78b09f39_performance"
                                  >
                                    Performance
                                     *
                                  </label>
                                  <div>
                                    <div
                                      class="MuiFormControl-root-214 MuiFormControl-fullWidth-217"
                                    >
                                      <div
                                        class="MuiFormControl-root-214 MuiTextField-root-218"
                                      >
                                        <label
                                          class="MuiFormLabel-root-231 MuiInputLabel-root-219 MuiInputLabel-formControl-225 MuiInputLabel-animated-228 MuiInputLabel-shrink-227 MuiInputLabel-outlined-230 Mui-required Mui-required"
                                          data-shrink="true"
                                          for="root_47078d21-7da5-4d3f-8355-0fcd78b09f39_performance"
                                          id="root_47078d21-7da5-4d3f-8355-0fcd78b09f39_performance-label"
                                        >
                                          Performance
                                          <span
                                            class="MuiFormLabel-asterisk-238 MuiInputLabel-asterisk-224"
                                          >
                                             
                                            *
                                          </span>
                                        </label>
                                        <div
                                          class="MuiInputBase-root-254 MuiOutlinedInput-root-239 MuiInputBase-formControl-255"
                                        >
                                          <input
                                            aria-invalid="false"
                                            class="MuiInputBase-input-265 MuiOutlinedInput-input-249 MuiInputBase-inputHiddenLabel-271"
                                            id="root_47078d21-7da5-4d3f-8355-0fcd78b09f39_performance"
                                            required=""
                                            type="integer"
                                            value=""
                                          />
                                          <fieldset
                                            aria-hidden="true"
                                            class="PrivateNotchedOutline-root-272 MuiOutlinedInput-notchedOutline-248"
                                          >
                                            <legend
                                              class="PrivateNotchedOutline-legendLabelled-274"
                                            >
                                              <span>
                                                Performance
                                                 *
                                              </span>
                                            </legend>
                                          </fieldset>
                                        </div>
                                      </div>
                                    </div>
                                  </div>
                                </div>
                              </div>
                            </div>
                          </div>
                        </div>
                      </div>
                    </div>
                  </div>
                </div>
              </div>
            </div>
            <div
              class="JSONForm-actionButtons-62"
            >
              <button
                class="MuiButtonBase-root-305 MuiButton-root-276 MuiButton-contained-284 MuiButton-containedPrimary-285"
                tabindex="0"
                type="submit"
              >
                <span
                  class="MuiButton-label-277"
                >
                  common.submit
                </span>
                <span
                  class="MuiTouchRipple-root-308"
                />
              </button>
            </div>
          </form>
        </div>
      </div>
    </div>
  </div>
  
</div>
`;

exports[`<TaskCompletionFormContainer /> renders snapshot correctly on error state 1`] = `
<div>
  <div
    class="MuiContainer-root MuiContainer-disableGutters"
  >
    <div
      class="MuiPaper-root WidgetBox-widgetBox-348 MuiPaper-outlined"
    >
      <div
        class="MuiBox-root MuiBox-root-378"
      >
        messages.warnings.noFormSchema
      </div>
    </div>
  </div>
  <div
    class="MuiSnackbar-root MuiSnackbar-anchorOriginBottomCenter"
  >
    <div
      class="MuiPaper-root MuiSnackbarContent-root Notification-error-385 MuiPaper-elevation6"
      direction="up"
      role="alert"
      style="opacity: 1; transform: scale(1, 1); transition: opacity 225ms cubic-bezier(0.4, 0, 0.2, 1) 0ms,transform 150ms cubic-bezier(0.4, 0, 0.2, 1) 0ms;"
    >
      <div
        class="MuiSnackbarContent-message"
      >
        <span
          class="Notification-message-382"
        >
          <svg
            aria-hidden="true"
            class="MuiSvgIcon-root Notification-icon-383 Notification-iconVariant-384"
            focusable="false"
            role="presentation"
            viewBox="0 0 24 24"
          >
            <path
              d="M12 2C6.48 2 2 6.48 2 12s4.48 10 10 10 10-4.48 10-10S17.52 2 12 2zm1 15h-2v-2h2v2zm0-4h-2V7h2v6z"
            />
          </svg>
          invalid json response body at undefined reason: Unexpected end of JSON input
        </span>
      </div>
      <div
        class="MuiSnackbarContent-action"
      >
        <button
          aria-label="close"
          class="MuiButtonBase-root MuiIconButton-root MuiIconButton-colorInherit"
          tabindex="0"
          type="button"
        >
          <span
            class="MuiIconButton-label"
          >
            <svg
              aria-hidden="true"
              class="MuiSvgIcon-root Notification-icon-383"
              focusable="false"
              role="presentation"
              viewBox="0 0 24 24"
            >
              <path
                d="M19 6.41L17.59 5 12 10.59 6.41 5 5 6.41 10.59 12 5 17.59 6.41 19 12 13.41 17.59 19 19 17.59 13.41 12z"
              />
            </svg>
          </span>
          <span
            class="MuiTouchRipple-root"
          />
        </button>
      </div>
    </div>
  </div>
</div>
`;
